﻿  Determinando los proyectos que se van a restaurar...
  Todos los proyectos est├ín actualizados para la restauraci├│n.
  GoveeMAUI -> C:\TemperatureProject\GoveeMAUI9\bin\Debug\net9.0-windows10.0.19041.0\win10-x64\GoveeMAUI.dll
C:\TemperatureProject\GoveeMAUI.Tests\TestMauiInitializer.cs(174,17): warning CS8767: La nulabilidad de los tipos de referencia del tipo de par├ímetro"sharedName" de "bool InMemoryPreferencesImplementation.ContainsKey(string key, string sharedName = null)" no coincide con el miembro "bool IPreferences.ContainsKey(string key, string? sharedName = null)" implementado de forma impl├¡cita (posiblemente debido a los atributos de nulabilidad). [C:\TemperatureProject\GoveeMAUI.Tests\GoveeMAUI.Tests.csproj]
C:\TemperatureProject\GoveeMAUI.Tests\TestMauiInitializer.cs(184,17): warning CS8767: La nulabilidad de los tipos de referencia del tipo de par├ímetro"sharedName" de "void InMemoryPreferencesImplementation.Remove(string key, string sharedName = null)" no coincide con el miembro "void IPreferences.Remove(string key, string? sharedName = null)" implementado de forma impl├¡cita (posiblemente debido a los atributos de nulabilidad). [C:\TemperatureProject\GoveeMAUI.Tests\GoveeMAUI.Tests.csproj]
C:\TemperatureProject\GoveeMAUI.Tests\TestMauiInitializer.cs(189,17): warning CS8767: La nulabilidad de los tipos de referencia del tipo de par├ímetro"sharedName" de "void InMemoryPreferencesImplementation.Clear(string sharedName = null)" no coincide con el miembro "void IPreferences.Clear(string? sharedName = null)" implementado de forma impl├¡cita (posiblemente debido a los atributos de nulabilidad). [C:\TemperatureProject\GoveeMAUI.Tests\GoveeMAUI.Tests.csproj]
C:\TemperatureProject\GoveeMAUI.Tests\TestMauiInitializer.cs(169,67): warning CS8625: No se puede convertir un literal NULL en un tipo de referencia que no acepta valores NULL. [C:\TemperatureProject\GoveeMAUI.Tests\GoveeMAUI.Tests.csproj]
C:\TemperatureProject\GoveeMAUI.Tests\TestMauiInitializer.cs(179,76): warning CS8625: No se puede convertir un literal NULL en un tipo de referencia que no acepta valores NULL. [C:\TemperatureProject\GoveeMAUI.Tests\GoveeMAUI.Tests.csproj]
C:\TemperatureProject\GoveeMAUI.Tests\TestMauiInitializer.cs(174,61): warning CS8625: No se puede convertir un literal NULL en un tipo de referencia que no acepta valores NULL. [C:\TemperatureProject\GoveeMAUI.Tests\GoveeMAUI.Tests.csproj]
C:\TemperatureProject\GoveeMAUI.Tests\TestMauiInitializer.cs(184,56): warning CS8625: No se puede convertir un literal NULL en un tipo de referencia que no acepta valores NULL. [C:\TemperatureProject\GoveeMAUI.Tests\GoveeMAUI.Tests.csproj]
C:\TemperatureProject\GoveeMAUI.Tests\TestMauiInitializer.cs(189,43): warning CS8625: No se puede convertir un literal NULL en un tipo de referencia que no acepta valores NULL. [C:\TemperatureProject\GoveeMAUI.Tests\GoveeMAUI.Tests.csproj]
C:\TemperatureProject\GoveeMAUI.Tests\TestMauiInitializer.cs(53,56): error CS0117: 'Preferences' no contiene una definici├│n para 'Current' [C:\TemperatureProject\GoveeMAUI.Tests\GoveeMAUI.Tests.csproj]
C:\TemperatureProject\GoveeMAUI.Tests\Services\MonitorServiceTests.cs(55,27): warning xUnit1031: Test methods should not use blocking task operations, as they can cause deadlocks. Use an async test method and await instead. (https://xunit.net/xunit.analyzers/rules/xUnit1031) [C:\TemperatureProject\GoveeMAUI.Tests\GoveeMAUI.Tests.csproj]
C:\TemperatureProject\GoveeMAUI.Tests\Services\MonitorServiceTests.cs(84,27): warning xUnit1031: Test methods should not use blocking task operations, as they can cause deadlocks. Use an async test method and await instead. (https://xunit.net/xunit.analyzers/rules/xUnit1031) [C:\TemperatureProject\GoveeMAUI.Tests\GoveeMAUI.Tests.csproj]
C:\TemperatureProject\GoveeMAUI.Tests\Services\MonitorServiceTests.cs(85,25): warning xUnit1031: Test methods should not use blocking task operations, as they can cause deadlocks. Use an async test method and await instead. (https://xunit.net/xunit.analyzers/rules/xUnit1031) [C:\TemperatureProject\GoveeMAUI.Tests\GoveeMAUI.Tests.csproj]
C:\TemperatureProject\GoveeMAUI.Tests\Services\MonitorServiceTests.cs(127,27): warning xUnit1031: Test methods should not use blocking task operations, as they can cause deadlocks. Use an async test method and await instead. (https://xunit.net/xunit.analyzers/rules/xUnit1031) [C:\TemperatureProject\GoveeMAUI.Tests\GoveeMAUI.Tests.csproj]
C:\TemperatureProject\GoveeMAUI.Tests\Services\MonitorServiceTests.cs(162,27): warning xUnit1031: Test methods should not use blocking task operations, as they can cause deadlocks. Use an async test method and await instead. (https://xunit.net/xunit.analyzers/rules/xUnit1031) [C:\TemperatureProject\GoveeMAUI.Tests\GoveeMAUI.Tests.csproj]
C:\TemperatureProject\GoveeMAUI.Tests\Services\MonitorServiceTests.cs(218,27): warning xUnit1031: Test methods should not use blocking task operations, as they can cause deadlocks. Use an async test method and await instead. (https://xunit.net/xunit.analyzers/rules/xUnit1031) [C:\TemperatureProject\GoveeMAUI.Tests\GoveeMAUI.Tests.csproj]
C:\TemperatureProject\GoveeMAUI.Tests\Services\MonitorServiceTests.cs(257,27): warning xUnit1031: Test methods should not use blocking task operations, as they can cause deadlocks. Use an async test method and await instead. (https://xunit.net/xunit.analyzers/rules/xUnit1031) [C:\TemperatureProject\GoveeMAUI.Tests\GoveeMAUI.Tests.csproj]
C:\TemperatureProject\GoveeMAUI.Tests\Services\MonitorServiceTests.cs(294,27): warning xUnit1031: Test methods should not use blocking task operations, as they can cause deadlocks. Use an async test method and await instead. (https://xunit.net/xunit.analyzers/rules/xUnit1031) [C:\TemperatureProject\GoveeMAUI.Tests\GoveeMAUI.Tests.csproj]

ERROR al compilar.

C:\TemperatureProject\GoveeMAUI.Tests\TestMauiInitializer.cs(174,17): warning CS8767: La nulabilidad de los tipos de referencia del tipo de par├ímetro"sharedName" de "bool InMemoryPreferencesImplementation.ContainsKey(string key, string sharedName = null)" no coincide con el miembro "bool IPreferences.ContainsKey(string key, string? sharedName = null)" implementado de forma impl├¡cita (posiblemente debido a los atributos de nulabilidad). [C:\TemperatureProject\GoveeMAUI.Tests\GoveeMAUI.Tests.csproj]
C:\TemperatureProject\GoveeMAUI.Tests\TestMauiInitializer.cs(184,17): warning CS8767: La nulabilidad de los tipos de referencia del tipo de par├ímetro"sharedName" de "void InMemoryPreferencesImplementation.Remove(string key, string sharedName = null)" no coincide con el miembro "void IPreferences.Remove(string key, string? sharedName = null)" implementado de forma impl├¡cita (posiblemente debido a los atributos de nulabilidad). [C:\TemperatureProject\GoveeMAUI.Tests\GoveeMAUI.Tests.csproj]
C:\TemperatureProject\GoveeMAUI.Tests\TestMauiInitializer.cs(189,17): warning CS8767: La nulabilidad de los tipos de referencia del tipo de par├ímetro"sharedName" de "void InMemoryPreferencesImplementation.Clear(string sharedName = null)" no coincide con el miembro "void IPreferences.Clear(string? sharedName = null)" implementado de forma impl├¡cita (posiblemente debido a los atributos de nulabilidad). [C:\TemperatureProject\GoveeMAUI.Tests\GoveeMAUI.Tests.csproj]
C:\TemperatureProject\GoveeMAUI.Tests\TestMauiInitializer.cs(169,67): warning CS8625: No se puede convertir un literal NULL en un tipo de referencia que no acepta valores NULL. [C:\TemperatureProject\GoveeMAUI.Tests\GoveeMAUI.Tests.csproj]
C:\TemperatureProject\GoveeMAUI.Tests\TestMauiInitializer.cs(179,76): warning CS8625: No se puede convertir un literal NULL en un tipo de referencia que no acepta valores NULL. [C:\TemperatureProject\GoveeMAUI.Tests\GoveeMAUI.Tests.csproj]
C:\TemperatureProject\GoveeMAUI.Tests\TestMauiInitializer.cs(174,61): warning CS8625: No se puede convertir un literal NULL en un tipo de referencia que no acepta valores NULL. [C:\TemperatureProject\GoveeMAUI.Tests\GoveeMAUI.Tests.csproj]
C:\TemperatureProject\GoveeMAUI.Tests\TestMauiInitializer.cs(184,56): warning CS8625: No se puede convertir un literal NULL en un tipo de referencia que no acepta valores NULL. [C:\TemperatureProject\GoveeMAUI.Tests\GoveeMAUI.Tests.csproj]
C:\TemperatureProject\GoveeMAUI.Tests\TestMauiInitializer.cs(189,43): warning CS8625: No se puede convertir un literal NULL en un tipo de referencia que no acepta valores NULL. [C:\TemperatureProject\GoveeMAUI.Tests\GoveeMAUI.Tests.csproj]
C:\TemperatureProject\GoveeMAUI.Tests\Services\MonitorServiceTests.cs(55,27): warning xUnit1031: Test methods should not use blocking task operations, as they can cause deadlocks. Use an async test method and await instead. (https://xunit.net/xunit.analyzers/rules/xUnit1031) [C:\TemperatureProject\GoveeMAUI.Tests\GoveeMAUI.Tests.csproj]
C:\TemperatureProject\GoveeMAUI.Tests\Services\MonitorServiceTests.cs(84,27): warning xUnit1031: Test methods should not use blocking task operations, as they can cause deadlocks. Use an async test method and await instead. (https://xunit.net/xunit.analyzers/rules/xUnit1031) [C:\TemperatureProject\GoveeMAUI.Tests\GoveeMAUI.Tests.csproj]
C:\TemperatureProject\GoveeMAUI.Tests\Services\MonitorServiceTests.cs(85,25): warning xUnit1031: Test methods should not use blocking task operations, as they can cause deadlocks. Use an async test method and await instead. (https://xunit.net/xunit.analyzers/rules/xUnit1031) [C:\TemperatureProject\GoveeMAUI.Tests\GoveeMAUI.Tests.csproj]
C:\TemperatureProject\GoveeMAUI.Tests\Services\MonitorServiceTests.cs(127,27): warning xUnit1031: Test methods should not use blocking task operations, as they can cause deadlocks. Use an async test method and await instead. (https://xunit.net/xunit.analyzers/rules/xUnit1031) [C:\TemperatureProject\GoveeMAUI.Tests\GoveeMAUI.Tests.csproj]
C:\TemperatureProject\GoveeMAUI.Tests\Services\MonitorServiceTests.cs(162,27): warning xUnit1031: Test methods should not use blocking task operations, as they can cause deadlocks. Use an async test method and await instead. (https://xunit.net/xunit.analyzers/rules/xUnit1031) [C:\TemperatureProject\GoveeMAUI.Tests\GoveeMAUI.Tests.csproj]
C:\TemperatureProject\GoveeMAUI.Tests\Services\MonitorServiceTests.cs(218,27): warning xUnit1031: Test methods should not use blocking task operations, as they can cause deadlocks. Use an async test method and await instead. (https://xunit.net/xunit.analyzers/rules/xUnit1031) [C:\TemperatureProject\GoveeMAUI.Tests\GoveeMAUI.Tests.csproj]
C:\TemperatureProject\GoveeMAUI.Tests\Services\MonitorServiceTests.cs(257,27): warning xUnit1031: Test methods should not use blocking task operations, as they can cause deadlocks. Use an async test method and await instead. (https://xunit.net/xunit.analyzers/rules/xUnit1031) [C:\TemperatureProject\GoveeMAUI.Tests\GoveeMAUI.Tests.csproj]
C:\TemperatureProject\GoveeMAUI.Tests\Services\MonitorServiceTests.cs(294,27): warning xUnit1031: Test methods should not use blocking task operations, as they can cause deadlocks. Use an async test method and await instead. (https://xunit.net/xunit.analyzers/rules/xUnit1031) [C:\TemperatureProject\GoveeMAUI.Tests\GoveeMAUI.Tests.csproj]
C:\TemperatureProject\GoveeMAUI.Tests\TestMauiInitializer.cs(53,56): error CS0117: 'Preferences' no contiene una definici├│n para 'Current' [C:\TemperatureProject\GoveeMAUI.Tests\GoveeMAUI.Tests.csproj]
    16 Advertencia(s)
    1 Errores

Tiempo transcurrido 00:00:01.66
