﻿  Determinando los proyectos que se van a restaurar...
  Todos los proyectos est├ín actualizados para la restauraci├│n.
  GoveeMAUI -> C:\TemperatureProject\GoveeMAUI9\bin\Debug\net9.0-windows10.0.19041.0\win10-x64\GoveeMAUI.dll
  GoveeMAUI.Tests -> C:\TemperatureProject\GoveeMAUI.Tests\bin\Debug\net9.0-windows10.0.19041.0\GoveeMAUI.Tests.dll
Serie de pruebas para C:\TemperatureProject\GoveeMAUI.Tests\bin\Debug\net9.0-windows10.0.19041.0\GoveeMAUI.Tests.dll (.NETCoreApp,Version=v9.0)
1 archivos de prueba en total coincidieron con el patr├│n especificado.
dotnet : [xUnit.net 00:00:00.12]     GoveeMAUI.Tests.ViewModels.MainViewModelTe
sts.Constructor_ShouldLoadThresholdFromPreferences [FAIL]
En línea: 1 Carácter: 1
+ dotnet test GoveeMAUI.Tests/GoveeMAUI.Tests.csproj 2>&1 | Tee-Object  ...
+ ~~~~~~~~~~~~~~~~~~~~~~~~~~~~~~~~~~~~~~~~~~~~~~~~~~~~~~~
    + CategoryInfo          : NotSpecified: ([xUnit.net 00:0...ferences [FAIL] 
   :String) [], RemoteException
    + FullyQualifiedErrorId : NativeCommandError
 
[xUnit.net 00:00:00.12]     GoveeMAUI.Tests.ViewModels.MainViewModelTests.Const
ructor_ShouldInitializeCorrectly [FAIL]
[xUnit.net 00:00:00.12]     GoveeMAUI.Tests.ViewModels.MainViewModelTests.Toggl
ePlugManuallyAsync_InManualMode_ShouldTogglePlug [FAIL]
[xUnit.net 00:00:00.12]     GoveeMAUI.Tests.ViewModels.MainViewModelTests.Toggl
eMonitorAsync_FromManualToMonitoring_ShouldStartMonitor [FAIL]
[xUnit.net 00:00:00.12]     GoveeMAUI.Tests.ViewModels.MainViewModelTests.SaveT
hresholdCommand_ShouldPersistThreshold [FAIL]
  Con error GoveeMAUI.Tests.ViewModels.MainViewModelTests.Constructor_ShouldLoadThresholdFromPreferences [1 ms]
  Mensaje de error:
   System.NullReferenceException : Object reference not set to an instance of an object.
  Seguimiento de la pila:
     at GoveeMAUI.Services.MonitorService..ctor(GoveeService govee, MerossService meross) in C:\TemperatureProject\GoveeMAUI9\Services\MonitorService.cs:line 28
   at Castle.Proxies.MonitorServiceProxy..ctor(IInterceptor[], GoveeService govee, MerossService meross)
   at System.RuntimeMethodHandle.InvokeMethod(Object target, Void** arguments, Signature sig, Boolean isConstructor)
   at System.Reflection.MethodBaseInvoker.InvokeDirectByRefWithFewArgs(Object obj, Span`1 copyOfArgs, BindingFlags invokeAttr)
  Con error GoveeMAUI.Tests.ViewModels.MainViewModelTests.Constructor_ShouldInitializeCorrectly [1 ms]
  Mensaje de error:
   System.NullReferenceException : Object reference not set to an instance of an object.
  Seguimiento de la pila:
     at GoveeMAUI.Services.MonitorService..ctor(GoveeService govee, MerossService meross) in C:\TemperatureProject\GoveeMAUI9\Services\MonitorService.cs:line 28
   at Castle.Proxies.MonitorServiceProxy..ctor(IInterceptor[], GoveeService govee, MerossService meross)
   at InvokeStub_MonitorServiceProxy..ctor(Object, Span`1)
   at System.Reflection.MethodBaseInvoker.InvokeWithFewArgs(Object obj, BindingFlags invokeAttr, Binder binder, Object[] parameters, CultureInfo culture)
  Con error GoveeMAUI.Tests.ViewModels.MainViewModelTests.TogglePlugManuallyAsync_InManualMode_ShouldTogglePlug [1 ms]
  Mensaje de error:
   System.NullReferenceException : Object reference not set to an instance of an object.
  Seguimiento de la pila:
     at GoveeMAUI.Services.MonitorService..ctor(GoveeService govee, MerossService meross) in C:\TemperatureProject\GoveeMAUI9\Services\MonitorService.cs:line 28
   at Castle.Proxies.MonitorServiceProxy..ctor(IInterceptor[], GoveeService govee, MerossService meross)
   at InvokeStub_MonitorServiceProxy..ctor(Object, Span`1)
   at System.Reflection.MethodBaseInvoker.InvokeWithFewArgs(Object obj, BindingFlags invokeAttr, Binder binder, Object[] parameters, CultureInfo culture)
  Con error GoveeMAUI.Tests.ViewModels.MainViewModelTests.ToggleMonitorAsync_FromManualToMonitoring_ShouldStartMonitor [1 ms]
  Mensaje de error:
   System.NullReferenceException : Object reference not set to an instance of an object.
  Seguimiento de la pila:
     at GoveeMAUI.Services.MonitorService..ctor(GoveeService govee, MerossService meross) in C:\TemperatureProject\GoveeMAUI9\Services\MonitorService.cs:line 28
   at Castle.Proxies.MonitorServiceProxy..ctor(IInterceptor[], GoveeService govee, MerossService meross)
   at InvokeStub_MonitorServiceProxy..ctor(Object, Span`1)
   at System.Reflection.MethodBaseInvoker.InvokeWithFewArgs(Object obj, BindingFlags invokeAttr, Binder binder, Object[] parameters, CultureInfo culture)
  Con error GoveeMAUI.Tests.ViewModels.MainViewModelTests.SaveThresholdCommand_ShouldPersistThreshold [1 ms]
  Mensaje de error:
   System.NullReferenceException : Object reference not set to an instance of an object.
  Seguimiento de la pila:
     at GoveeMAUI.Services.MonitorService..ctor(GoveeService govee, MerossService meross) in C:\TemperatureProject\GoveeMAUI9\Services\MonitorService.cs:line 28
   at Castle.Proxies.MonitorServiceProxy..ctor(IInterceptor[], GoveeService govee, MerossService meross)
   at InvokeStub_MonitorServiceProxy..ctor(Object, Span`1)
   at System.Reflection.MethodBaseInvoker.InvokeWithFewArgs(Object obj, BindingFlags invokeAttr, Binder binder, Object[] parameters, CultureInfo culture)
[xUnit.net 00:00:00.14]     GoveeMAUI.Tests.ViewModels.MainViewModelTests.IsMan
ualPlugButtonEnabled_InManualMode_ShouldBeTrue [FAIL]
[xUnit.net 00:00:00.14]     GoveeMAUI.Tests.ViewModels.MainViewModelTests.Toggl
eMonitorAsync_FromMonitoringToManual_ShouldStopMonitor [FAIL]
[xUnit.net 00:00:00.14]     GoveeMAUI.Tests.ViewModels.MainViewModelTests.Toggl
ePlugManuallyAsync_InMonitoringMode_ShouldStopMonitoringFirst [FAIL]
[xUnit.net 00:00:00.14]     GoveeMAUI.Tests.ViewModels.MainViewModelTests.IsMan
ualPlugButtonEnabled_InMonitoringMode_ShouldBeFalse [FAIL]
[xUnit.net 00:00:00.14]     GoveeMAUI.Tests.ViewModels.MainViewModelTests.Manua
lPlugButtonText_InManualMode_ShouldShowCorrectText [FAIL]
[xUnit.net 00:00:00.14]     GoveeMAUI.Tests.ViewModels.MainViewModelTests.Toggl
eMonitorAsync_WithoutApiKey_ShouldNotStart [FAIL]
[xUnit.net 00:00:00.14]     GoveeMAUI.Tests.ViewModels.SettingsViewModelTests.G
oveeApiKey_CanBeSetToAnyValue(apiKey: "") [FAIL]
[xUnit.net 00:00:00.15]     GoveeMAUI.Tests.ViewModels.SettingsViewModelTests.G
oveeApiKey_CanBeSetToAnyValue(apiKey: 
"very-long-api-key-with-many-characters-123456789") [FAIL]
[xUnit.net 00:00:00.15]     GoveeMAUI.Tests.ViewModels.SettingsViewModelTests.G
oveeApiKey_CanBeSetToAnyValue(apiKey: "api-key-1") [FAIL]
  Con error GoveeMAUI.Tests.ViewModels.MainViewModelTests.IsManualPlugButtonEnabled_InManualMode_ShouldBeTrue [1 ms]
  Mensaje de error:
   System.NullReferenceException : Object reference not set to an instance of an object.
  Seguimiento de la pila:
     at GoveeMAUI.Services.MonitorService..ctor(GoveeService govee, MerossService meross) in C:\TemperatureProject\GoveeMAUI9\Services\MonitorService.cs:line 28
   at Castle.Proxies.MonitorServiceProxy..ctor(IInterceptor[], GoveeService govee, MerossService meross)
   at InvokeStub_MonitorServiceProxy..ctor(Object, Span`1)
   at System.Reflection.MethodBaseInvoker.InvokeWithFewArgs(Object obj, BindingFlags invokeAttr, Binder binder, Object[] parameters, CultureInfo culture)
  Con error GoveeMAUI.Tests.ViewModels.MainViewModelTests.ToggleMonitorAsync_FromMonitoringToManual_ShouldStopMonitor [1 ms]
  Mensaje de error:
   System.NullReferenceException : Object reference not set to an instance of an object.
  Seguimiento de la pila:
     at GoveeMAUI.Services.MonitorService..ctor(GoveeService govee, MerossService meross) in C:\TemperatureProject\GoveeMAUI9\Services\MonitorService.cs:line 28
   at Castle.Proxies.MonitorServiceProxy..ctor(IInterceptor[], GoveeService govee, MerossService meross)
   at InvokeStub_MonitorServiceProxy..ctor(Object, Span`1)
   at System.Reflection.MethodBaseInvoker.InvokeWithFewArgs(Object obj, BindingFlags invokeAttr, Binder binder, Object[] parameters, CultureInfo culture)
  Con error GoveeMAUI.Tests.ViewModels.MainViewModelTests.TogglePlugManuallyAsync_InMonitoringMode_ShouldStopMonitoringFirst [1 ms]
  Mensaje de error:
   System.NullReferenceException : Object reference not set to an instance of an object.
  Seguimiento de la pila:
     at GoveeMAUI.Services.MonitorService..ctor(GoveeService govee, MerossService meross) in C:\TemperatureProject\GoveeMAUI9\Services\MonitorService.cs:line 28
   at Castle.Proxies.MonitorServiceProxy..ctor(IInterceptor[], GoveeService govee, MerossService meross)
   at InvokeStub_MonitorServiceProxy..ctor(Object, Span`1)
   at System.Reflection.MethodBaseInvoker.InvokeWithFewArgs(Object obj, BindingFlags invokeAttr, Binder binder, Object[] parameters, CultureInfo culture)
  Con error GoveeMAUI.Tests.ViewModels.MainViewModelTests.IsManualPlugButtonEnabled_InMonitoringMode_ShouldBeFalse [1 ms]
  Mensaje de error:
   System.NullReferenceException : Object reference not set to an instance of an object.
  Seguimiento de la pila:
     at GoveeMAUI.Services.MonitorService..ctor(GoveeService govee, MerossService meross) in C:\TemperatureProject\GoveeMAUI9\Services\MonitorService.cs:line 28
   at Castle.Proxies.MonitorServiceProxy..ctor(IInterceptor[], GoveeService govee, MerossService meross)
   at InvokeStub_MonitorServiceProxy..ctor(Object, Span`1)
   at System.Reflection.MethodBaseInvoker.InvokeWithFewArgs(Object obj, BindingFlags invokeAttr, Binder binder, Object[] parameters, CultureInfo culture)
  Con error GoveeMAUI.Tests.ViewModels.MainViewModelTests.ManualPlugButtonText_InManualMode_ShouldShowCorrectText [1 ms]
  Mensaje de error:
   System.NullReferenceException : Object reference not set to an instance of an object.
  Seguimiento de la pila:
     at GoveeMAUI.Services.MonitorService..ctor(GoveeService govee, MerossService meross) in C:\TemperatureProject\GoveeMAUI9\Services\MonitorService.cs:line 28
   at Castle.Proxies.MonitorServiceProxy..ctor(IInterceptor[], GoveeService govee, MerossService meross)
   at InvokeStub_MonitorServiceProxy..ctor(Object, Span`1)
   at System.Reflection.MethodBaseInvoker.InvokeWithFewArgs(Object obj, BindingFlags invokeAttr, Binder binder, Object[] parameters, CultureInfo culture)
  Con error GoveeMAUI.Tests.ViewModels.MainViewModelTests.ToggleMonitorAsync_WithoutApiKey_ShouldNotStart [1 ms]
  Mensaje de error:
   System.NullReferenceException : Object reference not set to an instance of an object.
  Seguimiento de la pila:
     at GoveeMAUI.Services.MonitorService..ctor(GoveeService govee, MerossService meross) in C:\TemperatureProject\GoveeMAUI9\Services\MonitorService.cs:line 28
   at Castle.Proxies.MonitorServiceProxy..ctor(IInterceptor[], GoveeService govee, MerossService meross)
   at InvokeStub_MonitorServiceProxy..ctor(Object, Span`1)
   at System.Reflection.MethodBaseInvoker.InvokeWithFewArgs(Object obj, BindingFlags invokeAttr, Binder binder, Object[] parameters, CultureInfo culture)
  Con error GoveeMAUI.Tests.ViewModels.SettingsViewModelTests.GoveeApiKey_CanBeSetToAnyValue(apiKey: "") [1 ms]
  Mensaje de error:
   System.TypeInitializationException : The type initializer for 'Microsoft.Maui.Storage.UnpackagedPreferencesImplementation' threw an exception.
---- System.Runtime.InteropServices.COMException : ClassFactory no puede suministrar a la clase solicitada

  Seguimiento de la pila:
     at Microsoft.Maui.Storage.UnpackagedPreferencesImplementation.Load()
   at Microsoft.Maui.Storage.UnpackagedPreferencesImplementation..ctor()
   at Microsoft.Maui.Storage.PreferencesImplementation..ctor()
   at Microsoft.Maui.Storage.Preferences.get_Default()
   at Microsoft.Maui.Storage.Preferences.get_Current()
   at Microsoft.Maui.Storage.Preferences.Remove(String key, String sharedName)
   at Microsoft.Maui.Storage.Preferences.Remove(String key)
   at GoveeMAUI.Tests.Services.MerossServiceTests.InitializeAsync_WithoutMerossCredentials_ShouldThrowException() in C:\TemperatureProject\GoveeMAUI.Tests\Services\MerossServiceTests.cs:line 29
----- Inner Stack Trace -----
   at System.Runtime.InteropServices.Marshal.ThrowExceptionForHR(Int32 errorCode)
   at WinRT.ActivationFactory.Get(String typeName, Guid iid)
   at Microsoft.UI.Dispatching.DispatcherQueue.get__objRef_global__Microsoft_UI_Dispatching_IDispatcherQueueStatics()
   at Microsoft.UI.Dispatching.DispatcherQueue.GetForCurrentThread()
   at Microsoft.Maui.ApplicationModel.MainThread.TryGetDispatcherQueue()
   at Microsoft.Maui.ApplicationModel.MainThread.get_PlatformIsMainThread()
   at Microsoft.Maui.ApplicationModel.MainThread.get_IsMainThread()
   at Microsoft.Maui.ApplicationModel.AppInfoImplementation..ctor()
   at Microsoft.Maui.ApplicationModel.AppInfo.get_Current()
   at Microsoft.Maui.ApplicationModel.AppInfo.get_PackageName()
   at Microsoft.Maui.Storage.FileSystemImplementation.get_AppSpecificPath()
   at Microsoft.Maui.Storage.FileSystemImplementation.<>c.<.ctor>b__17_1()
   at System.Lazy`1.ViaFactory(LazyThreadSafetyMode mode)
   at System.Lazy`1.ExecutionAndPublication(LazyHelper executionAndPublication, Boolean useDefaultConstructor)
   at System.Lazy`1.CreateValue()
   at Microsoft.Maui.Storage.FileSystemImplementation.get_PlatformAppDataDirectory()
   at Microsoft.Maui.Storage.FileSystemImplementation.get_AppDataDirectory()
   at Microsoft.Maui.Storage.FileSystem.get_AppDataDirectory()
   at Microsoft.Maui.Storage.UnpackagedPreferencesImplementation..cctor()
  Con error GoveeMAUI.Tests.ViewModels.SettingsViewModelTests.GoveeApiKey_CanBeSetToAnyValue(apiKey: "very-long-api-key-with-many-characters-123456789") [1 ms]
  Mensaje de error:
   System.TypeInitializationException : The type initializer for 'Microsoft.Maui.Storage.UnpackagedPreferencesImplementation' threw an exception.
---- System.Runtime.InteropServices.COMException : ClassFactory no puede suministrar a la clase solicitada

  Seguimiento de la pila:
[xUnit.net 00:00:00.15]     
GoveeMAUI.Tests.ViewModels.SettingsViewModelTests.DeviceList_ShouldStartEmpty 
[FAIL]
[xUnit.net 00:00:00.15]     GoveeMAUI.Tests.ViewModels.SettingsViewModelTests.S
aveCommand_ShouldSetStatusMessage [FAIL]
[xUnit.net 00:00:00.15]     GoveeMAUI.Tests.ViewModels.SettingsViewModelTests.I
ntervalSeconds_CanBeSetToValidValues(interval: 3600) [FAIL]
[xUnit.net 00:00:00.15]     GoveeMAUI.Tests.ViewModels.SettingsViewModelTests.I
ntervalSeconds_CanBeSetToValidValues(interval: 60) [FAIL]
[xUnit.net 00:00:00.15]     GoveeMAUI.Tests.ViewModels.SettingsViewModelTests.I
ntervalSeconds_CanBeSetToValidValues(interval: 1) [FAIL]
[xUnit.net 00:00:00.15]     GoveeMAUI.Tests.ViewModels.SettingsViewModelTests.D
etectGoveeDevicesAsync_ShouldSaveApiKeyToPreferences [FAIL]
[xUnit.net 00:00:00.15]     GoveeMAUI.Tests.ViewModels.SettingsViewModelTests.T
hreshold_CanBeSetToValidValues(threshold: 40) [FAIL]
[xUnit.net 00:00:00.15]     GoveeMAUI.Tests.ViewModels.SettingsViewModelTests.T
hreshold_CanBeSetToValidValues(threshold: 10) [FAIL]
[xUnit.net 00:00:00.15]     GoveeMAUI.Tests.ViewModels.SettingsViewModelTests.T
hreshold_CanBeSetToValidValues(threshold: 25,5) [FAIL]
     at Microsoft.Maui.Storage.UnpackagedPreferencesImplementation.Load()
   at Microsoft.Maui.Storage.UnpackagedPreferencesImplementation..ctor()
   at Microsoft.Maui.Storage.PreferencesImplementation..ctor()
   at Microsoft.Maui.Storage.Preferences.get_Default()
   at Microsoft.Maui.Storage.Preferences.get_Current()
   at Microsoft.Maui.Storage.Preferences.Get(String key, String defaultValue, String sharedName)
   at Microsoft.Maui.Storage.Preferences.Get(String key, String defaultValue)
   at GoveeMAUI.ViewModels.SettingsViewModel.LoadSettings() in C:\TemperatureProject\GoveeMAUI9\ViewModels\SettingsViewModel.cs:line 32
   at GoveeMAUI.ViewModels.SettingsViewModel..ctor(GoveeService govee) in C:\TemperatureProject\GoveeMAUI9\ViewModels\SettingsViewModel.cs:line 27
   at GoveeMAUI.Tests.ViewModels.SettingsViewModelTests..ctor() in C:\TemperatureProject\GoveeMAUI.Tests\ViewModels\SettingsViewModelTests.cs:line 15
   at System.RuntimeType.CreateInstanceDefaultCtor(Boolean publicOnly, Boolean wrapExceptions)
----- Inner Stack Trace -----
   at System.Runtime.InteropServices.Marshal.ThrowExceptionForHR(Int32 errorCode)
   at WinRT.ActivationFactory.Get(String typeName, Guid iid)
   at Microsoft.UI.Dispatching.DispatcherQueue.get__objRef_global__Microsoft_UI_Dispatching_IDispatcherQueueStatics()
   at Microsoft.UI.Dispatching.DispatcherQueue.GetForCurrentThread()
   at Microsoft.Maui.ApplicationModel.MainThread.TryGetDispatcherQueue()
   at Microsoft.Maui.ApplicationModel.MainThread.get_PlatformIsMainThread()
   at Microsoft.Maui.ApplicationModel.MainThread.get_IsMainThread()
   at Microsoft.Maui.ApplicationModel.AppInfoImplementation..ctor()
   at Microsoft.Maui.ApplicationModel.AppInfo.get_Current()
   at Microsoft.Maui.ApplicationModel.AppInfo.get_PackageName()
   at Microsoft.Maui.Storage.FileSystemImplementation.get_AppSpecificPath()
   at Microsoft.Maui.Storage.FileSystemImplementation.<>c.<.ctor>b__17_1()
   at System.Lazy`1.ViaFactory(LazyThreadSafetyMode mode)
   at System.Lazy`1.ExecutionAndPublication(LazyHelper executionAndPublication, Boolean useDefaultConstructor)
   at System.Lazy`1.CreateValue()
   at Microsoft.Maui.Storage.FileSystemImplementation.get_PlatformAppDataDirectory()
   at Microsoft.Maui.Storage.FileSystemImplementation.get_AppDataDirectory()
   at Microsoft.Maui.Storage.FileSystem.get_AppDataDirectory()
   at Microsoft.Maui.Storage.UnpackagedPreferencesImplementation..cctor()
  Con error GoveeMAUI.Tests.ViewModels.SettingsViewModelTests.GoveeApiKey_CanBeSetToAnyValue(apiKey: "api-key-1") [1 ms]
  Mensaje de error:
   System.TypeInitializationException : The type initializer for 'Microsoft.Maui.Storage.UnpackagedPreferencesImplementation' threw an exception.
---- System.Runtime.InteropServices.COMException : ClassFactory no puede suministrar a la clase solicitada

  Seguimiento de la pila:
     at Microsoft.Maui.Storage.UnpackagedPreferencesImplementation.Load()
   at Microsoft.Maui.Storage.UnpackagedPreferencesImplementation..ctor()
   at Microsoft.Maui.Storage.PreferencesImplementation..ctor()
   at Microsoft.Maui.Storage.Preferences.get_Default()
   at Microsoft.Maui.Storage.Preferences.get_Current()
   at Microsoft.Maui.Storage.Preferences.Get(String key, String defaultValue, String sharedName)
   at Microsoft.Maui.Storage.Preferences.Get(String key, String defaultValue)
   at GoveeMAUI.ViewModels.SettingsViewModel.LoadSettings() in C:\TemperatureProject\GoveeMAUI9\ViewModels\SettingsViewModel.cs:line 32
   at GoveeMAUI.ViewModels.SettingsViewModel..ctor(GoveeService govee) in C:\TemperatureProject\GoveeMAUI9\ViewModels\SettingsViewModel.cs:line 27
   at GoveeMAUI.Tests.ViewModels.SettingsViewModelTests..ctor() in C:\TemperatureProject\GoveeMAUI.Tests\ViewModels\SettingsViewModelTests.cs:line 15
   at System.RuntimeType.CreateInstanceDefaultCtor(Boolean publicOnly, Boolean wrapExceptions)
----- Inner Stack Trace -----
   at System.Runtime.InteropServices.Marshal.ThrowExceptionForHR(Int32 errorCode)
   at WinRT.ActivationFactory.Get(String typeName, Guid iid)
   at Microsoft.UI.Dispatching.DispatcherQueue.get__objRef_global__Microsoft_UI_Dispatching_IDispatcherQueueStatics()
   at Microsoft.UI.Dispatching.DispatcherQueue.GetForCurrentThread()
   at Microsoft.Maui.ApplicationModel.MainThread.TryGetDispatcherQueue()
   at Microsoft.Maui.ApplicationModel.MainThread.get_PlatformIsMainThread()
   at Microsoft.Maui.ApplicationModel.MainThread.get_IsMainThread()
   at Microsoft.Maui.ApplicationModel.AppInfoImplementation..ctor()
   at Microsoft.Maui.ApplicationModel.AppInfo.get_Current()
   at Microsoft.Maui.ApplicationModel.AppInfo.get_PackageName()
   at Microsoft.Maui.Storage.FileSystemImplementation.get_AppSpecificPath()
   at Microsoft.Maui.Storage.FileSystemImplementation.<>c.<.ctor>b__17_1()
   at System.Lazy`1.ViaFactory(LazyThreadSafetyMode mode)
   at System.Lazy`1.ExecutionAndPublication(LazyHelper executionAndPublication, Boolean useDefaultConstructor)
   at System.Lazy`1.CreateValue()
   at Microsoft.Maui.Storage.FileSystemImplementation.get_PlatformAppDataDirectory()
   at Microsoft.Maui.Storage.FileSystemImplementation.get_AppDataDirectory()
   at Microsoft.Maui.Storage.FileSystem.get_AppDataDirectory()
   at Microsoft.Maui.Storage.UnpackagedPreferencesImplementation..cctor()
  Con error GoveeMAUI.Tests.ViewModels.SettingsViewModelTests.DeviceList_ShouldStartEmpty [1 ms]
  Mensaje de error:
   System.TypeInitializationException : The type initializer for 'Microsoft.Maui.Storage.UnpackagedPreferencesImplementation' threw an exception.
---- System.Runtime.InteropServices.COMException : ClassFactory no puede suministrar a la clase solicitada

  Seguimiento de la pila:
     at Microsoft.Maui.Storage.UnpackagedPreferencesImplementation.Load()
   at Microsoft.Maui.Storage.UnpackagedPreferencesImplementation..ctor()
   at Microsoft.Maui.Storage.PreferencesImplementation..ctor()
   at Microsoft.Maui.Storage.Preferences.get_Default()
   at Microsoft.Maui.Storage.Preferences.get_Current()
   at Microsoft.Maui.Storage.Preferences.Get(String key, String defaultValue, String sharedName)
   at Microsoft.Maui.Storage.Preferences.Get(String key, String defaultValue)
   at GoveeMAUI.ViewModels.SettingsViewModel.LoadSettings() in C:\TemperatureProject\GoveeMAUI9\ViewModels\SettingsViewModel.cs:line 32
   at GoveeMAUI.ViewModels.SettingsViewModel..ctor(GoveeService govee) in C:\TemperatureProject\GoveeMAUI9\ViewModels\SettingsViewModel.cs:line 27
   at GoveeMAUI.Tests.ViewModels.SettingsViewModelTests..ctor() in C:\TemperatureProject\GoveeMAUI.Tests\ViewModels\SettingsViewModelTests.cs:line 15
   at System.RuntimeType.CreateInstanceDefaultCtor(Boolean publicOnly, Boolean wrapExceptions)
----- Inner Stack Trace -----
   at System.Runtime.InteropServices.Marshal.ThrowExceptionForHR(Int32 errorCode)
   at WinRT.ActivationFactory.Get(String typeName, Guid iid)
   at Microsoft.UI.Dispatching.DispatcherQueue.get__objRef_global__Microsoft_UI_Dispatching_IDispatcherQueueStatics()
   at Microsoft.UI.Dispatching.DispatcherQueue.GetForCurrentThread()
   at Microsoft.Maui.ApplicationModel.MainThread.TryGetDispatcherQueue()
   at Microsoft.Maui.ApplicationModel.MainThread.get_PlatformIsMainThread()
   at Microsoft.Maui.ApplicationModel.MainThread.get_IsMainThread()
   at Microsoft.Maui.ApplicationModel.AppInfoImplementation..ctor()
   at Microsoft.Maui.ApplicationModel.AppInfo.get_Current()
   at Microsoft.Maui.ApplicationModel.AppInfo.get_PackageName()
   at Microsoft.Maui.Storage.FileSystemImplementation.get_AppSpecificPath()
   at Microsoft.Maui.Storage.FileSystemImplementation.<>c.<.ctor>b__17_1()
   at System.Lazy`1.ViaFactory(LazyThreadSafetyMode mode)
   at System.Lazy`1.ExecutionAndPublication(LazyHelper executionAndPublication, Boolean useDefaultConstructor)
   at System.Lazy`1.CreateValue()
   at Microsoft.Maui.Storage.FileSystemImplementation.get_PlatformAppDataDirectory()
   at Microsoft.Maui.Storage.FileSystemImplementation.get_AppDataDirectory()
   at Microsoft.Maui.Storage.FileSystem.get_AppDataDirectory()
   at Microsoft.Maui.Storage.UnpackagedPreferencesImplementation..cctor()
  Con error GoveeMAUI.Tests.ViewModels.SettingsViewModelTests.SaveCommand_ShouldSetStatusMessage [1 ms]
  Mensaje de error:
   System.TypeInitializationException : The type initializer for 'Microsoft.Maui.Storage.UnpackagedPreferencesImplementation' threw an exception.
---- System.Runtime.InteropServices.COMException : ClassFactory no puede suministrar a la clase solicitada

  Seguimiento de la pila:
     at Microsoft.Maui.Storage.UnpackagedPreferencesImplementation.Load()
   at Microsoft.Maui.Storage.UnpackagedPreferencesImplementation..ctor()
   at Microsoft.Maui.Storage.PreferencesImplementation..ctor()
   at Microsoft.Maui.Storage.Preferences.get_Default()
   at Microsoft.Maui.Storage.Preferences.get_Current()
   at Microsoft.Maui.Storage.Preferences.Get(String key, String defaultValue, String sharedName)
   at Microsoft.Maui.Storage.Preferences.Get(String key, String defaultValue)
   at GoveeMAUI.ViewModels.SettingsViewModel.LoadSettings() in C:\TemperatureProject\GoveeMAUI9\ViewModels\SettingsViewModel.cs:line 32
   at GoveeMAUI.ViewModels.SettingsViewModel..ctor(GoveeService govee) in C:\TemperatureProject\GoveeMAUI9\ViewModels\SettingsViewModel.cs:line 27
   at GoveeMAUI.Tests.ViewModels.SettingsViewModelTests..ctor() in C:\TemperatureProject\GoveeMAUI.Tests\ViewModels\SettingsViewModelTests.cs:line 15
   at System.RuntimeType.CreateInstanceDefaultCtor(Boolean publicOnly, Boolean wrapExceptions)
----- Inner Stack Trace -----
   at System.Runtime.InteropServices.Marshal.ThrowExceptionForHR(Int32 errorCode)
   at WinRT.ActivationFactory.Get(String typeName, Guid iid)
   at Microsoft.UI.Dispatching.DispatcherQueue.get__objRef_global__Microsoft_UI_Dispatching_IDispatcherQueueStatics()
   at Microsoft.UI.Dispatching.DispatcherQueue.GetForCurrentThread()
   at Microsoft.Maui.ApplicationModel.MainThread.TryGetDispatcherQueue()
   at Microsoft.Maui.ApplicationModel.MainThread.get_PlatformIsMainThread()
   at Microsoft.Maui.ApplicationModel.MainThread.get_IsMainThread()
   at Microsoft.Maui.ApplicationModel.AppInfoImplementation..ctor()
   at Microsoft.Maui.ApplicationModel.AppInfo.get_Current()
   at Microsoft.Maui.ApplicationModel.AppInfo.get_PackageName()
   at Microsoft.Maui.Storage.FileSystemImplementation.get_AppSpecificPath()
   at Microsoft.Maui.Storage.FileSystemImplementation.<>c.<.ctor>b__17_1()
   at System.Lazy`1.ViaFactory(LazyThreadSafetyMode mode)
   at System.Lazy`1.ExecutionAndPublication(LazyHelper executionAndPublication, Boolean useDefaultConstructor)
   at System.Lazy`1.CreateValue()
   at Microsoft.Maui.Storage.FileSystemImplementation.get_PlatformAppDataDirectory()
   at Microsoft.Maui.Storage.FileSystemImplementation.get_AppDataDirectory()
   at Microsoft.Maui.Storage.FileSystem.get_AppDataDirectory()
   at Microsoft.Maui.Storage.UnpackagedPreferencesImplementation..cctor()
  Con error GoveeMAUI.Tests.ViewModels.SettingsViewModelTests.IntervalSeconds_CanBeSetToValidValues(interval: 3600) [1 ms]
  Mensaje de error:
   System.TypeInitializationException : The type initializer for 'Microsoft.Maui.Storage.UnpackagedPreferencesImplementation' threw an exception.
---- System.Runtime.InteropServices.COMException : ClassFactory no puede suministrar a la clase solicitada

  Seguimiento de la pila:
     at Microsoft.Maui.Storage.UnpackagedPreferencesImplementation.Load()
   at Microsoft.Maui.Storage.UnpackagedPreferencesImplementation..ctor()
   at Microsoft.Maui.Storage.PreferencesImplementation..ctor()
   at Microsoft.Maui.Storage.Preferences.get_Default()
   at Microsoft.Maui.Storage.Preferences.get_Current()
   at Microsoft.Maui.Storage.Preferences.Get(String key, String defaultValue, String sharedName)
   at Microsoft.Maui.Storage.Preferences.Get(String key, String defaultValue)
   at GoveeMAUI.ViewModels.SettingsViewModel.LoadSettings() in C:\TemperatureProject\GoveeMAUI9\ViewModels\SettingsViewModel.cs:line 32
   at GoveeMAUI.ViewModels.SettingsViewModel..ctor(GoveeService govee) in C:\TemperatureProject\GoveeMAUI9\ViewModels\SettingsViewModel.cs:line 27
   at GoveeMAUI.Tests.ViewModels.SettingsViewModelTests..ctor() in C:\TemperatureProject\GoveeMAUI.Tests\ViewModels\SettingsViewModelTests.cs:line 15
   at System.RuntimeType.CreateInstanceDefaultCtor(Boolean publicOnly, Boolean wrapExceptions)
----- Inner Stack Trace -----
   at System.Runtime.InteropServices.Marshal.ThrowExceptionForHR(Int32 errorCode)
   at WinRT.ActivationFactory.Get(String typeName, Guid iid)
   at Microsoft.UI.Dispatching.DispatcherQueue.get__objRef_global__Microsoft_UI_Dispatching_IDispatcherQueueStatics()
   at Microsoft.UI.Dispatching.DispatcherQueue.GetForCurrentThread()
   at Microsoft.Maui.ApplicationModel.MainThread.TryGetDispatcherQueue()
   at Microsoft.Maui.ApplicationModel.MainThread.get_PlatformIsMainThread()
   at Microsoft.Maui.ApplicationModel.MainThread.get_IsMainThread()
   at Microsoft.Maui.ApplicationModel.AppInfoImplementation..ctor()
   at Microsoft.Maui.ApplicationModel.AppInfo.get_Current()
   at Microsoft.Maui.ApplicationModel.AppInfo.get_PackageName()
   at Microsoft.Maui.Storage.FileSystemImplementation.get_AppSpecificPath()
   at Microsoft.Maui.Storage.FileSystemImplementation.<>c.<.ctor>b__17_1()
   at System.Lazy`1.ViaFactory(LazyThreadSafetyMode mode)
   at System.Lazy`1.ExecutionAndPublication(LazyHelper executionAndPublication, Boolean useDefaultConstructor)
   at System.Lazy`1.CreateValue()
   at Microsoft.Maui.Storage.FileSystemImplementation.get_PlatformAppDataDirectory()
   at Microsoft.Maui.Storage.FileSystemImplementation.get_AppDataDirectory()
   at Microsoft.Maui.Storage.FileSystem.get_AppDataDirectory()
   at Microsoft.Maui.Storage.UnpackagedPreferencesImplementation..cctor()
  Con error GoveeMAUI.Tests.ViewModels.SettingsViewModelTests.IntervalSeconds_CanBeSetToValidValues(interval: 60) [1 ms]
  Mensaje de error:
   System.TypeInitializationException : The type initializer for 'Microsoft.Maui.Storage.UnpackagedPreferencesImplementation' threw an exception.
---- System.Runtime.InteropServices.COMException : ClassFactory no puede suministrar a la clase solicitada

  Seguimiento de la pila:
     at Microsoft.Maui.Storage.UnpackagedPreferencesImplementation.Load()
   at Microsoft.Maui.Storage.UnpackagedPreferencesImplementation..ctor()
   at Microsoft.Maui.Storage.PreferencesImplementation..ctor()
   at Microsoft.Maui.Storage.Preferences.get_Default()
   at Microsoft.Maui.Storage.Preferences.get_Current()
   at Microsoft.Maui.Storage.Preferences.Get(String key, String defaultValue, String sharedName)
   at Microsoft.Maui.Storage.Preferences.Get(String key, String defaultValue)
   at GoveeMAUI.ViewModels.SettingsViewModel.LoadSettings() in C:\TemperatureProject\GoveeMAUI9\ViewModels\SettingsViewModel.cs:line 32
   at GoveeMAUI.ViewModels.SettingsViewModel..ctor(GoveeService govee) in C:\TemperatureProject\GoveeMAUI9\ViewModels\SettingsViewModel.cs:line 27
   at GoveeMAUI.Tests.ViewModels.SettingsViewModelTests..ctor() in C:\TemperatureProject\GoveeMAUI.Tests\ViewModels\SettingsViewModelTests.cs:line 15
   at System.RuntimeType.CreateInstanceDefaultCtor(Boolean publicOnly, Boolean wrapExceptions)
----- Inner Stack Trace -----
   at System.Runtime.InteropServices.Marshal.ThrowExceptionForHR(Int32 errorCode)
   at WinRT.ActivationFactory.Get(String typeName, Guid iid)
   at Microsoft.UI.Dispatching.DispatcherQueue.get__objRef_global__Microsoft_UI_Dispatching_IDispatcherQueueStatics()
   at Microsoft.UI.Dispatching.DispatcherQueue.GetForCurrentThread()
   at Microsoft.Maui.ApplicationModel.MainThread.TryGetDispatcherQueue()
   at Microsoft.Maui.ApplicationModel.MainThread.get_PlatformIsMainThread()
   at Microsoft.Maui.ApplicationModel.MainThread.get_IsMainThread()
   at Microsoft.Maui.ApplicationModel.AppInfoImplementation..ctor()
   at Microsoft.Maui.ApplicationModel.AppInfo.get_Current()
   at Microsoft.Maui.ApplicationModel.AppInfo.get_PackageName()
   at Microsoft.Maui.Storage.FileSystemImplementation.get_AppSpecificPath()
   at Microsoft.Maui.Storage.FileSystemImplementation.<>c.<.ctor>b__17_1()
   at System.Lazy`1.ViaFactory(LazyThreadSafetyMode mode)
   at System.Lazy`1.ExecutionAndPublication(LazyHelper executionAndPublication, Boolean useDefaultConstructor)
   at System.Lazy`1.CreateValue()
   at Microsoft.Maui.Storage.FileSystemImplementation.get_PlatformAppDataDirectory()
   at Microsoft.Maui.Storage.FileSystemImplementation.get_AppDataDirectory()
   at Microsoft.Maui.Storage.FileSystem.get_AppDataDirectory()
   at Microsoft.Maui.Storage.UnpackagedPreferencesImplementation..cctor()
  Con error GoveeMAUI.Tests.ViewModels.SettingsViewModelTests.IntervalSeconds_CanBeSetToValidValues(interval: 1) [1 ms]
  Mensaje de error:
   System.TypeInitializationException : The type initializer for 'Microsoft.Maui.Storage.UnpackagedPreferencesImplementation' threw an exception.
---- System.Runtime.InteropServices.COMException : ClassFactory no puede suministrar a la clase solicitada

  Seguimiento de la pila:
     at Microsoft.Maui.Storage.UnpackagedPreferencesImplementation.Load()
   at Microsoft.Maui.Storage.UnpackagedPreferencesImplementation..ctor()
   at Microsoft.Maui.Storage.PreferencesImplementation..ctor()
   at Microsoft.Maui.Storage.Preferences.get_Default()
   at Microsoft.Maui.Storage.Preferences.get_Current()
   at Microsoft.Maui.Storage.Preferences.Get(String key, String defaultValue, String sharedName)
   at Microsoft.Maui.Storage.Preferences.Get(String key, String defaultValue)
   at GoveeMAUI.ViewModels.SettingsViewModel.LoadSettings() in C:\TemperatureProject\GoveeMAUI9\ViewModels\SettingsViewModel.cs:line 32
   at GoveeMAUI.ViewModels.SettingsViewModel..ctor(GoveeService govee) in C:\TemperatureProject\GoveeMAUI9\ViewModels\SettingsViewModel.cs:line 27
   at GoveeMAUI.Tests.ViewModels.SettingsViewModelTests..ctor() in C:\TemperatureProject\GoveeMAUI.Tests\ViewModels\SettingsViewModelTests.cs:line 15
   at System.RuntimeType.CreateInstanceDefaultCtor(Boolean publicOnly, Boolean wrapExceptions)
----- Inner Stack Trace -----
   at System.Runtime.InteropServices.Marshal.ThrowExceptionForHR(Int32 errorCode)
   at WinRT.ActivationFactory.Get(String typeName, Guid iid)
   at Microsoft.UI.Dispatching.DispatcherQueue.get__objRef_global__Microsoft_UI_Dispatching_IDispatcherQueueStatics()
   at Microsoft.UI.Dispatching.DispatcherQueue.GetForCurrentThread()
   at Microsoft.Maui.ApplicationModel.MainThread.TryGetDispatcherQueue()
   at Microsoft.Maui.ApplicationModel.MainThread.get_PlatformIsMainThread()
   at Microsoft.Maui.ApplicationModel.MainThread.get_IsMainThread()
   at Microsoft.Maui.ApplicationModel.AppInfoImplementation..ctor()
   at Microsoft.Maui.ApplicationModel.AppInfo.get_Current()
   at Microsoft.Maui.ApplicationModel.AppInfo.get_PackageName()
   at Microsoft.Maui.Storage.FileSystemImplementation.get_AppSpecificPath()
   at Microsoft.Maui.Storage.FileSystemImplementation.<>c.<.ctor>b__17_1()
   at System.Lazy`1.ViaFactory(LazyThreadSafetyMode mode)
   at System.Lazy`1.ExecutionAndPublication(LazyHelper executionAndPublication, Boolean useDefaultConstructor)
   at System.Lazy`1.CreateValue()
   at Microsoft.Maui.Storage.FileSystemImplementation.get_PlatformAppDataDirectory()
   at Microsoft.Maui.Storage.FileSystemImplementation.get_AppDataDirectory()
   at Microsoft.Maui.Storage.FileSystem.get_AppDataDirectory()
   at Microsoft.Maui.Storage.UnpackagedPreferencesImplementation..cctor()
  Con error GoveeMAUI.Tests.ViewModels.SettingsViewModelTests.DetectGoveeDevicesAsync_ShouldSaveApiKeyToPreferences [1 ms]
  Mensaje de error:
   System.TypeInitializationException : The type initializer for 'Microsoft.Maui.Storage.UnpackagedPreferencesImplementation' threw an exception.
---- System.Runtime.InteropServices.COMException : ClassFactory no puede suministrar a la clase solicitada

  Seguimiento de la pila:
     at Microsoft.Maui.Storage.UnpackagedPreferencesImplementation.Load()
   at Microsoft.Maui.Storage.UnpackagedPreferencesImplementation..ctor()
   at Microsoft.Maui.Storage.PreferencesImplementation..ctor()
   at Microsoft.Maui.Storage.Preferences.get_Default()
   at Microsoft.Maui.Storage.Preferences.get_Current()
   at Microsoft.Maui.Storage.Preferences.Get(String key, String defaultValue, String sharedName)
   at Microsoft.Maui.Storage.Preferences.Get(String key, String defaultValue)
   at GoveeMAUI.ViewModels.SettingsViewModel.LoadSettings() in C:\TemperatureProject\GoveeMAUI9\ViewModels\SettingsViewModel.cs:line 32
   at GoveeMAUI.ViewModels.SettingsViewModel..ctor(GoveeService govee) in C:\TemperatureProject\GoveeMAUI9\ViewModels\SettingsViewModel.cs:line 27
   at GoveeMAUI.Tests.ViewModels.SettingsViewModelTests..ctor() in C:\TemperatureProject\GoveeMAUI.Tests\ViewModels\SettingsViewModelTests.cs:line 15
   at System.RuntimeType.CreateInstanceDefaultCtor(Boolean publicOnly, Boolean wrapExceptions)
----- Inner Stack Trace -----
   at System.Runtime.InteropServices.Marshal.ThrowExceptionForHR(Int32 errorCode)
   at WinRT.ActivationFactory.Get(String typeName, Guid iid)
   at Microsoft.UI.Dispatching.DispatcherQueue.get__objRef_global__Microsoft_UI_Dispatching_IDispatcherQueueStatics()
   at Microsoft.UI.Dispatching.DispatcherQueue.GetForCurrentThread()
   at Microsoft.Maui.ApplicationModel.MainThread.TryGetDispatcherQueue()
   at Microsoft.Maui.ApplicationModel.MainThread.get_PlatformIsMainThread()
   at Microsoft.Maui.ApplicationModel.MainThread.get_IsMainThread()
   at Microsoft.Maui.ApplicationModel.AppInfoImplementation..ctor()
   at Microsoft.Maui.ApplicationModel.AppInfo.get_Current()
   at Microsoft.Maui.ApplicationModel.AppInfo.get_PackageName()
   at Microsoft.Maui.Storage.FileSystemImplementation.get_AppSpecificPath()
   at Microsoft.Maui.Storage.FileSystemImplementation.<>c.<.ctor>b__17_1()
   at System.Lazy`1.ViaFactory(LazyThreadSafetyMode mode)
   at System.Lazy`1.ExecutionAndPublication(LazyHelper executionAndPublication, Boolean useDefaultConstructor)
   at System.Lazy`1.CreateValue()
   at Microsoft.Maui.Storage.FileSystemImplementation.get_PlatformAppDataDirectory()
   at Microsoft.Maui.Storage.FileSystemImplementation.get_AppDataDirectory()
   at Microsoft.Maui.Storage.FileSystem.get_AppDataDirectory()
   at Microsoft.Maui.Storage.UnpackagedPreferencesImplementation..cctor()
  Con error GoveeMAUI.Tests.ViewModels.SettingsViewModelTests.Threshold_CanBeSetToValidValues(threshold: 40) [1 ms]
  Mensaje de error:
   System.TypeInitializationException : The type initializer for 'Microsoft.Maui.Storage.UnpackagedPreferencesImplementation' threw an exception.
---- System.Runtime.InteropServices.COMException : ClassFactory no puede suministrar a la clase solicitada

  Seguimiento de la pila:
     at Microsoft.Maui.Storage.UnpackagedPreferencesImplementation.Load()
   at Microsoft.Maui.Storage.UnpackagedPreferencesImplementation..ctor()
   at Microsoft.Maui.Storage.PreferencesImplementation..ctor()
   at Microsoft.Maui.Storage.Preferences.get_Default()
   at Microsoft.Maui.Storage.Preferences.get_Current()
   at Microsoft.Maui.Storage.Preferences.Get(String key, String defaultValue, String sharedName)
   at Microsoft.Maui.Storage.Preferences.Get(String key, String defaultValue)
   at GoveeMAUI.ViewModels.SettingsViewModel.LoadSettings() in C:\TemperatureProject\GoveeMAUI9\ViewModels\SettingsViewModel.cs:line 32
   at GoveeMAUI.ViewModels.SettingsViewModel..ctor(GoveeService govee) in C:\TemperatureProject\GoveeMAUI9\ViewModels\SettingsViewModel.cs:line 27
   at GoveeMAUI.Tests.ViewModels.SettingsViewModelTests..ctor() in C:\TemperatureProject\GoveeMAUI.Tests\ViewModels\SettingsViewModelTests.cs:line 15
   at System.RuntimeType.CreateInstanceDefaultCtor(Boolean publicOnly, Boolean wrapExceptions)
----- Inner Stack Trace -----
   at System.Runtime.InteropServices.Marshal.ThrowExceptionForHR(Int32 errorCode)
   at WinRT.ActivationFactory.Get(String typeName, Guid iid)
[xUnit.net 00:00:00.16]     GoveeMAUI.Tests.ViewModels.SettingsViewModelTests.D
etectGoveeDevicesAsync_WithNoDevices_ShouldShowMessage [FAIL]
[xUnit.net 00:00:00.16]     GoveeMAUI.Tests.ViewModels.SettingsViewModelTests.S
aveCommand_ShouldPersistAllSettings [FAIL]
[xUnit.net 00:00:00.16]     GoveeMAUI.Tests.Services.MerossServiceTests.Initial
izeAsync_WithoutMerossCredentials_ShouldThrowException [FAIL]
[xUnit.net 00:00:00.16]     GoveeMAUI.Tests.Services.MonitorServiceTests.SetPlu
gManuallyAsync_ShouldUpdatePlugState [FAIL]
[xUnit.net 00:00:00.16]     GoveeMAUI.Tests.Services.GoveeServiceTests.GetDevic
eStateAsync_ShouldParseHumidity [FAIL]
[xUnit.net 00:00:00.16]     
GoveeMAUI.Tests.ViewModels.SettingsViewModelTests.MerossCredentials_CanBeSet 
[FAIL]
   at Microsoft.UI.Dispatching.DispatcherQueue.get__objRef_global__Microsoft_UI_Dispatching_IDispatcherQueueStatics()
   at Microsoft.UI.Dispatching.DispatcherQueue.GetForCurrentThread()
   at Microsoft.Maui.ApplicationModel.MainThread.TryGetDispatcherQueue()
   at Microsoft.Maui.ApplicationModel.MainThread.get_PlatformIsMainThread()
   at Microsoft.Maui.ApplicationModel.MainThread.get_IsMainThread()
   at Microsoft.Maui.ApplicationModel.AppInfoImplementation..ctor()
   at Microsoft.Maui.ApplicationModel.AppInfo.get_Current()
   at Microsoft.Maui.ApplicationModel.AppInfo.get_PackageName()
   at Microsoft.Maui.Storage.FileSystemImplementation.get_AppSpecificPath()
   at Microsoft.Maui.Storage.FileSystemImplementation.<>c.<.ctor>b__17_1()
   at System.Lazy`1.ViaFactory(LazyThreadSafetyMode mode)
   at System.Lazy`1.ExecutionAndPublication(LazyHelper executionAndPublication, Boolean useDefaultConstructor)
   at System.Lazy`1.CreateValue()
   at Microsoft.Maui.Storage.FileSystemImplementation.get_PlatformAppDataDirectory()
   at Microsoft.Maui.Storage.FileSystemImplementation.get_AppDataDirectory()
   at Microsoft.Maui.Storage.FileSystem.get_AppDataDirectory()
   at Microsoft.Maui.Storage.UnpackagedPreferencesImplementation..cctor()
  Con error GoveeMAUI.Tests.ViewModels.SettingsViewModelTests.Threshold_CanBeSetToValidValues(threshold: 10) [1 ms]
  Mensaje de error:
   System.TypeInitializationException : The type initializer for 'Microsoft.Maui.Storage.UnpackagedPreferencesImplementation' threw an exception.
---- System.Runtime.InteropServices.COMException : ClassFactory no puede suministrar a la clase solicitada

  Seguimiento de la pila:
     at Microsoft.Maui.Storage.UnpackagedPreferencesImplementation.Load()
   at Microsoft.Maui.Storage.UnpackagedPreferencesImplementation..ctor()
   at Microsoft.Maui.Storage.PreferencesImplementation..ctor()
   at Microsoft.Maui.Storage.Preferences.get_Default()
   at Microsoft.Maui.Storage.Preferences.get_Current()
   at Microsoft.Maui.Storage.Preferences.Get(String key, String defaultValue, String sharedName)
   at Microsoft.Maui.Storage.Preferences.Get(String key, String defaultValue)
   at GoveeMAUI.ViewModels.SettingsViewModel.LoadSettings() in C:\TemperatureProject\GoveeMAUI9\ViewModels\SettingsViewModel.cs:line 32
   at GoveeMAUI.ViewModels.SettingsViewModel..ctor(GoveeService govee) in C:\TemperatureProject\GoveeMAUI9\ViewModels\SettingsViewModel.cs:line 27
   at GoveeMAUI.Tests.ViewModels.SettingsViewModelTests..ctor() in C:\TemperatureProject\GoveeMAUI.Tests\ViewModels\SettingsViewModelTests.cs:line 15
   at System.RuntimeType.CreateInstanceDefaultCtor(Boolean publicOnly, Boolean wrapExceptions)
----- Inner Stack Trace -----
   at System.Runtime.InteropServices.Marshal.ThrowExceptionForHR(Int32 errorCode)
   at WinRT.ActivationFactory.Get(String typeName, Guid iid)
   at Microsoft.UI.Dispatching.DispatcherQueue.get__objRef_global__Microsoft_UI_Dispatching_IDispatcherQueueStatics()
   at Microsoft.UI.Dispatching.DispatcherQueue.GetForCurrentThread()
   at Microsoft.Maui.ApplicationModel.MainThread.TryGetDispatcherQueue()
   at Microsoft.Maui.ApplicationModel.MainThread.get_PlatformIsMainThread()
   at Microsoft.Maui.ApplicationModel.MainThread.get_IsMainThread()
   at Microsoft.Maui.ApplicationModel.AppInfoImplementation..ctor()
   at Microsoft.Maui.ApplicationModel.AppInfo.get_Current()
   at Microsoft.Maui.ApplicationModel.AppInfo.get_PackageName()
   at Microsoft.Maui.Storage.FileSystemImplementation.get_AppSpecificPath()
   at Microsoft.Maui.Storage.FileSystemImplementation.<>c.<.ctor>b__17_1()
   at System.Lazy`1.ViaFactory(LazyThreadSafetyMode mode)
   at System.Lazy`1.ExecutionAndPublication(LazyHelper executionAndPublication, Boolean useDefaultConstructor)
   at System.Lazy`1.CreateValue()
   at Microsoft.Maui.Storage.FileSystemImplementation.get_PlatformAppDataDirectory()
   at Microsoft.Maui.Storage.FileSystemImplementation.get_AppDataDirectory()
   at Microsoft.Maui.Storage.FileSystem.get_AppDataDirectory()
   at Microsoft.Maui.Storage.UnpackagedPreferencesImplementation..cctor()
  Con error GoveeMAUI.Tests.ViewModels.SettingsViewModelTests.Threshold_CanBeSetToValidValues(threshold: 25,5) [1 ms]
  Mensaje de error:
   System.TypeInitializationException : The type initializer for 'Microsoft.Maui.Storage.UnpackagedPreferencesImplementation' threw an exception.
---- System.Runtime.InteropServices.COMException : ClassFactory no puede suministrar a la clase solicitada

  Seguimiento de la pila:
     at Microsoft.Maui.Storage.UnpackagedPreferencesImplementation.Load()
   at Microsoft.Maui.Storage.UnpackagedPreferencesImplementation..ctor()
   at Microsoft.Maui.Storage.PreferencesImplementation..ctor()
   at Microsoft.Maui.Storage.Preferences.get_Default()
   at Microsoft.Maui.Storage.Preferences.get_Current()
   at Microsoft.Maui.Storage.Preferences.Get(String key, String defaultValue, String sharedName)
   at Microsoft.Maui.Storage.Preferences.Get(String key, String defaultValue)
   at GoveeMAUI.ViewModels.SettingsViewModel.LoadSettings() in C:\TemperatureProject\GoveeMAUI9\ViewModels\SettingsViewModel.cs:line 32
   at GoveeMAUI.ViewModels.SettingsViewModel..ctor(GoveeService govee) in C:\TemperatureProject\GoveeMAUI9\ViewModels\SettingsViewModel.cs:line 27
   at GoveeMAUI.Tests.ViewModels.SettingsViewModelTests..ctor() in C:\TemperatureProject\GoveeMAUI.Tests\ViewModels\SettingsViewModelTests.cs:line 15
   at System.RuntimeType.CreateInstanceDefaultCtor(Boolean publicOnly, Boolean wrapExceptions)
----- Inner Stack Trace -----
   at System.Runtime.InteropServices.Marshal.ThrowExceptionForHR(Int32 errorCode)
   at WinRT.ActivationFactory.Get(String typeName, Guid iid)
   at Microsoft.UI.Dispatching.DispatcherQueue.get__objRef_global__Microsoft_UI_Dispatching_IDispatcherQueueStatics()
   at Microsoft.UI.Dispatching.DispatcherQueue.GetForCurrentThread()
   at Microsoft.Maui.ApplicationModel.MainThread.TryGetDispatcherQueue()
   at Microsoft.Maui.ApplicationModel.MainThread.get_PlatformIsMainThread()
   at Microsoft.Maui.ApplicationModel.MainThread.get_IsMainThread()
   at Microsoft.Maui.ApplicationModel.AppInfoImplementation..ctor()
   at Microsoft.Maui.ApplicationModel.AppInfo.get_Current()
   at Microsoft.Maui.ApplicationModel.AppInfo.get_PackageName()
   at Microsoft.Maui.Storage.FileSystemImplementation.get_AppSpecificPath()
   at Microsoft.Maui.Storage.FileSystemImplementation.<>c.<.ctor>b__17_1()
   at System.Lazy`1.ViaFactory(LazyThreadSafetyMode mode)
   at System.Lazy`1.ExecutionAndPublication(LazyHelper executionAndPublication, Boolean useDefaultConstructor)
   at System.Lazy`1.CreateValue()
   at Microsoft.Maui.Storage.FileSystemImplementation.get_PlatformAppDataDirectory()
   at Microsoft.Maui.Storage.FileSystemImplementation.get_AppDataDirectory()
   at Microsoft.Maui.Storage.FileSystem.get_AppDataDirectory()
   at Microsoft.Maui.Storage.UnpackagedPreferencesImplementation..cctor()
  Con error GoveeMAUI.Tests.ViewModels.SettingsViewModelTests.DetectGoveeDevicesAsync_WithNoDevices_ShouldShowMessage [1 ms]
  Mensaje de error:
   System.TypeInitializationException : The type initializer for 'Microsoft.Maui.Storage.UnpackagedPreferencesImplementation' threw an exception.
---- System.Runtime.InteropServices.COMException : ClassFactory no puede suministrar a la clase solicitada

  Seguimiento de la pila:
     at Microsoft.Maui.Storage.UnpackagedPreferencesImplementation.Load()
   at Microsoft.Maui.Storage.UnpackagedPreferencesImplementation..ctor()
   at Microsoft.Maui.Storage.PreferencesImplementation..ctor()
   at Microsoft.Maui.Storage.Preferences.get_Default()
   at Microsoft.Maui.Storage.Preferences.get_Current()
   at Microsoft.Maui.Storage.Preferences.Get(String key, String defaultValue, String sharedName)
   at Microsoft.Maui.Storage.Preferences.Get(String key, String defaultValue)
   at GoveeMAUI.ViewModels.SettingsViewModel.LoadSettings() in C:\TemperatureProject\GoveeMAUI9\ViewModels\SettingsViewModel.cs:line 32
   at GoveeMAUI.ViewModels.SettingsViewModel..ctor(GoveeService govee) in C:\TemperatureProject\GoveeMAUI9\ViewModels\SettingsViewModel.cs:line 27
   at GoveeMAUI.Tests.ViewModels.SettingsViewModelTests..ctor() in C:\TemperatureProject\GoveeMAUI.Tests\ViewModels\SettingsViewModelTests.cs:line 15
   at System.RuntimeType.CreateInstanceDefaultCtor(Boolean publicOnly, Boolean wrapExceptions)
----- Inner Stack Trace -----
   at System.Runtime.InteropServices.Marshal.ThrowExceptionForHR(Int32 errorCode)
   at WinRT.ActivationFactory.Get(String typeName, Guid iid)
   at Microsoft.UI.Dispatching.DispatcherQueue.get__objRef_global__Microsoft_UI_Dispatching_IDispatcherQueueStatics()
   at Microsoft.UI.Dispatching.DispatcherQueue.GetForCurrentThread()
   at Microsoft.Maui.ApplicationModel.MainThread.TryGetDispatcherQueue()
   at Microsoft.Maui.ApplicationModel.MainThread.get_PlatformIsMainThread()
   at Microsoft.Maui.ApplicationModel.MainThread.get_IsMainThread()
   at Microsoft.Maui.ApplicationModel.AppInfoImplementation..ctor()
   at Microsoft.Maui.ApplicationModel.AppInfo.get_Current()
   at Microsoft.Maui.ApplicationModel.AppInfo.get_PackageName()
   at Microsoft.Maui.Storage.FileSystemImplementation.get_AppSpecificPath()
   at Microsoft.Maui.Storage.FileSystemImplementation.<>c.<.ctor>b__17_1()
   at System.Lazy`1.ViaFactory(LazyThreadSafetyMode mode)
   at System.Lazy`1.ExecutionAndPublication(LazyHelper executionAndPublication, Boolean useDefaultConstructor)
   at System.Lazy`1.CreateValue()
   at Microsoft.Maui.Storage.FileSystemImplementation.get_PlatformAppDataDirectory()
   at Microsoft.Maui.Storage.FileSystemImplementation.get_AppDataDirectory()
   at Microsoft.Maui.Storage.FileSystem.get_AppDataDirectory()
   at Microsoft.Maui.Storage.UnpackagedPreferencesImplementation..cctor()
  Con error GoveeMAUI.Tests.ViewModels.SettingsViewModelTests.SaveCommand_ShouldPersistAllSettings [1 ms]
  Mensaje de error:
   System.TypeInitializationException : The type initializer for 'Microsoft.Maui.Storage.UnpackagedPreferencesImplementation' threw an exception.
---- System.Runtime.InteropServices.COMException : ClassFactory no puede suministrar a la clase solicitada

  Seguimiento de la pila:
     at Microsoft.Maui.Storage.UnpackagedPreferencesImplementation.Load()
   at Microsoft.Maui.Storage.UnpackagedPreferencesImplementation..ctor()
   at Microsoft.Maui.Storage.PreferencesImplementation..ctor()
   at Microsoft.Maui.Storage.Preferences.get_Default()
   at Microsoft.Maui.Storage.Preferences.get_Current()
   at Microsoft.Maui.Storage.Preferences.Get(String key, String defaultValue, String sharedName)
   at Microsoft.Maui.Storage.Preferences.Get(String key, String defaultValue)
   at GoveeMAUI.ViewModels.SettingsViewModel.LoadSettings() in C:\TemperatureProject\GoveeMAUI9\ViewModels\SettingsViewModel.cs:line 32
   at GoveeMAUI.ViewModels.SettingsViewModel..ctor(GoveeService govee) in C:\TemperatureProject\GoveeMAUI9\ViewModels\SettingsViewModel.cs:line 27
   at GoveeMAUI.Tests.ViewModels.SettingsViewModelTests..ctor() in C:\TemperatureProject\GoveeMAUI.Tests\ViewModels\SettingsViewModelTests.cs:line 15
   at System.RuntimeType.CreateInstanceDefaultCtor(Boolean publicOnly, Boolean wrapExceptions)
----- Inner Stack Trace -----
   at System.Runtime.InteropServices.Marshal.ThrowExceptionForHR(Int32 errorCode)
   at WinRT.ActivationFactory.Get(String typeName, Guid iid)
   at Microsoft.UI.Dispatching.DispatcherQueue.get__objRef_global__Microsoft_UI_Dispatching_IDispatcherQueueStatics()
   at Microsoft.UI.Dispatching.DispatcherQueue.GetForCurrentThread()
   at Microsoft.Maui.ApplicationModel.MainThread.TryGetDispatcherQueue()
   at Microsoft.Maui.ApplicationModel.MainThread.get_PlatformIsMainThread()
   at Microsoft.Maui.ApplicationModel.MainThread.get_IsMainThread()
   at Microsoft.Maui.ApplicationModel.AppInfoImplementation..ctor()
   at Microsoft.Maui.ApplicationModel.AppInfo.get_Current()
   at Microsoft.Maui.ApplicationModel.AppInfo.get_PackageName()
   at Microsoft.Maui.Storage.FileSystemImplementation.get_AppSpecificPath()
   at Microsoft.Maui.Storage.FileSystemImplementation.<>c.<.ctor>b__17_1()
   at System.Lazy`1.ViaFactory(LazyThreadSafetyMode mode)
   at System.Lazy`1.ExecutionAndPublication(LazyHelper executionAndPublication, Boolean useDefaultConstructor)
   at System.Lazy`1.CreateValue()
   at Microsoft.Maui.Storage.FileSystemImplementation.get_PlatformAppDataDirectory()
   at Microsoft.Maui.Storage.FileSystemImplementation.get_AppDataDirectory()
   at Microsoft.Maui.Storage.FileSystem.get_AppDataDirectory()
   at Microsoft.Maui.Storage.UnpackagedPreferencesImplementation..cctor()
  Con error GoveeMAUI.Tests.Services.MerossServiceTests.InitializeAsync_WithoutMerossCredentials_ShouldThrowException [58 ms]
  Mensaje de error:
   System.TypeInitializationException : The type initializer for 'Microsoft.Maui.Storage.UnpackagedPreferencesImplementation' threw an exception.
---- System.Runtime.InteropServices.COMException : ClassFactory no puede suministrar a la clase solicitada

  Seguimiento de la pila:
     at Microsoft.Maui.Storage.UnpackagedPreferencesImplementation..ctor()
   at Microsoft.Maui.Storage.PreferencesImplementation..ctor()
   at Microsoft.Maui.Storage.Preferences.get_Default()
   at Microsoft.Maui.Storage.Preferences.get_Current()
   at Microsoft.Maui.Storage.Preferences.Set(String key, String value, String sharedName)
   at Microsoft.Maui.Storage.Preferences.Set(String key, String value)
   at GoveeMAUI.Tests.Services.GoveeServiceTests.GetDeviceStateAsync_ShouldParseHumidity() in C:\TemperatureProject\GoveeMAUI.Tests\Services\GoveeServiceTests.cs:line 165
   at Microsoft.Maui.Storage.UnpackagedPreferencesImplementation.Load()
   at Microsoft.Maui.Storage.UnpackagedPreferencesImplementation..ctor()
   at Microsoft.Maui.Storage.PreferencesImplementation..ctor()
   at Microsoft.Maui.Storage.Preferences.get_Default()
   at Microsoft.Maui.Storage.Preferences.get_Current()
   at Microsoft.Maui.Storage.Preferences.Set(String key, String value, String sharedName)
   at Microsoft.Maui.Storage.Preferences.Set(String key, String value)
   at GoveeMAUI.Tests.Services.MonitorServiceTests.SetPlugManuallyAsync_ShouldUpdatePlugState() in C:\TemperatureProject\GoveeMAUI.Tests\Services\MonitorServiceTests.cs:line 172
--- End of stack trace from previous location ---
----- Inner Stack Trace -----
   at System.Runtime.InteropServices.Marshal.ThrowExceptionForHR(Int32 errorCode)
   at WinRT.ActivationFactory.Get(String typeName, Guid iid)
   at Microsoft.UI.Dispatching.DispatcherQueue.get__objRef_global__Microsoft_UI_Dispatching_IDispatcherQueueStatics()
   at Microsoft.UI.Dispatching.DispatcherQueue.GetForCurrentThread()
   at Microsoft.Maui.ApplicationModel.MainThread.TryGetDispatcherQueue()
   at Microsoft.Maui.ApplicationModel.MainThread.get_PlatformIsMainThread()
   at Microsoft.Maui.ApplicationModel.MainThread.get_IsMainThread()
   at Microsoft.Maui.ApplicationModel.AppInfoImplementation..ctor()
   at Microsoft.Maui.ApplicationModel.AppInfo.get_Current()
   at Microsoft.Maui.ApplicationModel.AppInfo.get_PackageName()
   at Microsoft.Maui.Storage.FileSystemImplementation.get_AppSpecificPath()
   at Microsoft.Maui.Storage.FileSystemImplementation.<>c.<.ctor>b__17_1()
   at System.Lazy`1.ViaFactory(LazyThreadSafetyMode mode)
   at System.Lazy`1.ExecutionAndPublication(LazyHelper executionAndPublication, Boolean useDefaultConstructor)
   at System.Lazy`1.CreateValue()
   at Microsoft.Maui.Storage.FileSystemImplementation.get_PlatformAppDataDirectory()
   at Microsoft.Maui.Storage.FileSystemImplementation.get_AppDataDirectory()
   at Microsoft.Maui.Storage.FileSystem.get_AppDataDirectory()
   at Microsoft.Maui.Storage.UnpackagedPreferencesImplementation..cctor()
  Con error GoveeMAUI.Tests.Services.MonitorServiceTests.SetPlugManuallyAsync_ShouldUpdatePlugState [58 ms]
  Mensaje de error:
   System.TypeInitializationException : The type initializer for 'Microsoft.Maui.Storage.UnpackagedPreferencesImplementation' threw an exception.
---- System.Runtime.InteropServices.COMException : ClassFactory no puede suministrar a la clase solicitada

  Seguimiento de la pila:
     at Microsoft.Maui.Storage.UnpackagedPreferencesImplementation..ctor()
   at Microsoft.Maui.Storage.PreferencesImplementation..ctor()
   at Microsoft.Maui.Storage.Preferences.get_Default()
   at Microsoft.Maui.Storage.Preferences.get_Current()
   at Microsoft.Maui.Storage.Preferences.Set(String key, String value, String sharedName)
   at Microsoft.Maui.Storage.Preferences.Set(String key, String value)
   at GoveeMAUI.Tests.Services.GoveeServiceTests.GetDeviceStateAsync_ShouldParseHumidity() in C:\TemperatureProject\GoveeMAUI.Tests\Services\GoveeServiceTests.cs:line 165
   at Microsoft.Maui.Storage.UnpackagedPreferencesImplementation.Load()
   at Microsoft.Maui.Storage.UnpackagedPreferencesImplementation..ctor()
   at Microsoft.Maui.Storage.PreferencesImplementation..ctor()
   at Microsoft.Maui.Storage.Preferences.get_Default()
   at Microsoft.Maui.Storage.Preferences.get_Current()
   at Microsoft.Maui.Storage.Preferences.Set(String key, String value, String sharedName)
   at Microsoft.Maui.Storage.Preferences.Set(String key, String value)
   at GoveeMAUI.Tests.Services.MonitorServiceTests.SetPlugManuallyAsync_ShouldUpdatePlugState() in C:\TemperatureProject\GoveeMAUI.Tests\Services\MonitorServiceTests.cs:line 172
--- End of stack trace from previous location ---
----- Inner Stack Trace -----
   at System.Runtime.InteropServices.Marshal.ThrowExceptionForHR(Int32 errorCode)
   at WinRT.ActivationFactory.Get(String typeName, Guid iid)
   at Microsoft.UI.Dispatching.DispatcherQueue.get__objRef_global__Microsoft_UI_Dispatching_IDispatcherQueueStatics()
   at Microsoft.UI.Dispatching.DispatcherQueue.GetForCurrentThread()
   at Microsoft.Maui.ApplicationModel.MainThread.TryGetDispatcherQueue()
   at Microsoft.Maui.ApplicationModel.MainThread.get_PlatformIsMainThread()
   at Microsoft.Maui.ApplicationModel.MainThread.get_IsMainThread()
   at Microsoft.Maui.ApplicationModel.AppInfoImplementation..ctor()
   at Microsoft.Maui.ApplicationModel.AppInfo.get_Current()
   at Microsoft.Maui.ApplicationModel.AppInfo.get_PackageName()
   at Microsoft.Maui.Storage.FileSystemImplementation.get_AppSpecificPath()
   at Microsoft.Maui.Storage.FileSystemImplementation.<>c.<.ctor>b__17_1()
   at System.Lazy`1.ViaFactory(LazyThreadSafetyMode mode)
   at System.Lazy`1.ExecutionAndPublication(LazyHelper executionAndPublication, Boolean useDefaultConstructor)
   at System.Lazy`1.CreateValue()
   at Microsoft.Maui.Storage.FileSystemImplementation.get_PlatformAppDataDirectory()
   at Microsoft.Maui.Storage.FileSystemImplementation.get_AppDataDirectory()
   at Microsoft.Maui.Storage.FileSystem.get_AppDataDirectory()
   at Microsoft.Maui.Storage.UnpackagedPreferencesImplementation..cctor()
  Con error GoveeMAUI.Tests.Services.GoveeServiceTests.GetDeviceStateAsync_ShouldParseHumidity [57 ms]
  Mensaje de error:
   System.TypeInitializationException : The type initializer for 'Microsoft.Maui.Storage.UnpackagedPreferencesImplementation' threw an exception.
---- System.Runtime.InteropServices.COMException : ClassFactory no puede suministrar a la clase solicitada

  Seguimiento de la pila:
     at Microsoft.Maui.Storage.UnpackagedPreferencesImplementation..ctor()
   at Microsoft.Maui.Storage.PreferencesImplementation..ctor()
   at Microsoft.Maui.Storage.Preferences.get_Default()
   at Microsoft.Maui.Storage.Preferences.get_Current()
   at Microsoft.Maui.Storage.Preferences.Set(String key, String value, String sharedName)
   at Microsoft.Maui.Storage.Preferences.Set(String key, String value)
   at GoveeMAUI.Tests.Services.GoveeServiceTests.GetDeviceStateAsync_ShouldParseHumidity() in C:\TemperatureProject\GoveeMAUI.Tests\Services\GoveeServiceTests.cs:line 165
   at Microsoft.Maui.Storage.UnpackagedPreferencesImplementation.Load()
   at Microsoft.Maui.Storage.UnpackagedPreferencesImplementation..ctor()
   at Microsoft.Maui.Storage.PreferencesImplementation..ctor()
   at Microsoft.Maui.Storage.Preferences.get_Default()
   at Microsoft.Maui.Storage.Preferences.get_Current()
   at Microsoft.Maui.Storage.Preferences.Set(String key, String value, String sharedName)
   at Microsoft.Maui.Storage.Preferences.Set(String key, String value)
   at GoveeMAUI.Tests.Services.MonitorServiceTests.SetPlugManuallyAsync_ShouldUpdatePlugState() in C:\TemperatureProject\GoveeMAUI.Tests\Services\MonitorServiceTests.cs:line 172
--- End of stack trace from previous location ---
----- Inner Stack Trace -----
   at System.Runtime.InteropServices.Marshal.ThrowExceptionForHR(Int32 errorCode)
   at WinRT.ActivationFactory.Get(String typeName, Guid iid)
   at Microsoft.UI.Dispatching.DispatcherQueue.get__objRef_global__Microsoft_UI_Dispatching_IDispatcherQueueStatics()
   at Microsoft.UI.Dispatching.DispatcherQueue.GetForCurrentThread()
   at Microsoft.Maui.ApplicationModel.MainThread.TryGetDispatcherQueue()
   at Microsoft.Maui.ApplicationModel.MainThread.get_PlatformIsMainThread()
   at Microsoft.Maui.ApplicationModel.MainThread.get_IsMainThread()
   at Microsoft.Maui.ApplicationModel.AppInfoImplementation..ctor()
   at Microsoft.Maui.ApplicationModel.AppInfo.get_Current()
   at Microsoft.Maui.ApplicationModel.AppInfo.get_PackageName()
   at Microsoft.Maui.Storage.FileSystemImplementation.get_AppSpecificPath()
   at Microsoft.Maui.Storage.FileSystemImplementation.<>c.<.ctor>b__17_1()
   at System.Lazy`1.ViaFactory(LazyThreadSafetyMode mode)
   at System.Lazy`1.ExecutionAndPublication(LazyHelper executionAndPublication, Boolean useDefaultConstructor)
   at System.Lazy`1.CreateValue()
   at Microsoft.Maui.Storage.FileSystemImplementation.get_PlatformAppDataDirectory()
   at Microsoft.Maui.Storage.FileSystemImplementation.get_AppDataDirectory()
   at Microsoft.Maui.Storage.FileSystem.get_AppDataDirectory()
   at Microsoft.Maui.Storage.UnpackagedPreferencesImplementation..cctor()
  Con error GoveeMAUI.Tests.ViewModels.SettingsViewModelTests.MerossCredentials_CanBeSet [1 ms]
  Mensaje de error:
   System.TypeInitializationException : The type initializer for 'Microsoft.Maui.Storage.UnpackagedPreferencesImplementation' threw an exception.
---- System.Runtime.InteropServices.COMException : ClassFactory no puede suministrar a la clase solicitada

  Seguimiento de la pila:
     at Microsoft.Maui.Storage.UnpackagedPreferencesImplementation.Load()
   at Microsoft.Maui.Storage.UnpackagedPreferencesImplementation..ctor()
   at Microsoft.Maui.Storage.PreferencesImplementation..ctor()
   at Microsoft.Maui.Storage.Preferences.get_Default()
   at Microsoft.Maui.Storage.Preferences.get_Current()
   at Microsoft.Maui.Storage.Preferences.Get(String key, String defaultValue, String sharedName)
   at Microsoft.Maui.Storage.Preferences.Get(String key, String defaultValue)
   at GoveeMAUI.ViewModels.SettingsViewModel.LoadSettings() in C:\TemperatureProject\GoveeMAUI9\ViewModels\SettingsViewModel.cs:line 32
   at GoveeMAUI.ViewModels.SettingsViewModel..ctor(GoveeService govee) in C:\TemperatureProject\GoveeMAUI9\ViewModels\SettingsViewModel.cs:line 27
   at GoveeMAUI.Tests.ViewModels.SettingsViewModelTests..ctor() in C:\TemperatureProject\GoveeMAUI.Tests\ViewModels\SettingsViewModelTests.cs:line 15
   at System.RuntimeType.CreateInstanceDefaultCtor(Boolean publicOnly, Boolean wrapExceptions)
----- Inner Stack Trace -----
   at System.Runtime.InteropServices.Marshal.ThrowExceptionForHR(Int32 errorCode)
   at WinRT.ActivationFactory.Get(String typeName, Guid iid)
   at Microsoft.UI.Dispatching.DispatcherQueue.get__objRef_global__Microsoft_UI_Dispatching_IDispatcherQueueStatics()
   at Microsoft.UI.Dispatching.DispatcherQueue.GetForCurrentThread()
   at Microsoft.Maui.ApplicationModel.MainThread.TryGetDispatcherQueue()
   at Microsoft.Maui.ApplicationModel.MainThread.get_PlatformIsMainThread()
   at Microsoft.Maui.ApplicationModel.MainThread.get_IsMainThread()
   at Microsoft.Maui.ApplicationModel.AppInfoImplementation..ctor()
   at Microsoft.Maui.ApplicationModel.AppInfo.get_Current()
   at Microsoft.Maui.ApplicationModel.AppInfo.get_PackageName()
   at Microsoft.Maui.Storage.FileSystemImplementation.get_AppSpecificPath()
   at Microsoft.Maui.Storage.FileSystemImplementation.<>c.<.ctor>b__17_1()
   at System.Lazy`1.ViaFactory(LazyThreadSafetyMode mode)
   at System.Lazy`1.ExecutionAndPublication(LazyHelper executionAndPublication, Boolean useDefaultConstructor)
   at System.Lazy`1.CreateValue()
   at Microsoft.Maui.Storage.FileSystemImplementation.get_PlatformAppDataDirectory()
   at Microsoft.Maui.Storage.FileSystemImplementation.get_AppDataDirectory()
   at Microsoft.Maui.Storage.FileSystem.get_AppDataDirectory()
   at Microsoft.Maui.Storage.UnpackagedPreferencesImplementation..cctor()
  Con error GoveeMAUI.Tests.ViewModels.SettingsViewModelTests.DetectGoveeDevicesAsync_WithException_ShouldShowError [1 ms]
  Mensaje de error:
[xUnit.net 00:00:00.16]     GoveeMAUI.Tests.ViewModels.SettingsViewModelTests.D
etectGoveeDevicesAsync_WithException_ShouldShowError [FAIL]
[xUnit.net 00:00:00.16]     GoveeMAUI.Tests.ViewModels.SettingsViewModelTests.D
etectGoveeDevicesAsync_WithValidApiKey_ShouldListDevices [FAIL]
[xUnit.net 00:00:00.16]     GoveeMAUI.Tests.ViewModels.SettingsViewModelTests.S
tatusMessage_ShouldStartEmpty [FAIL]
[xUnit.net 00:00:00.16]     GoveeMAUI.Tests.ViewModels.SettingsViewModelTests.C
onstructor_ShouldUseDefaultValuesIfNotSet [FAIL]
[xUnit.net 00:00:00.16]     GoveeMAUI.Tests.Services.GoveeServiceTests.GetDevic
eStateAsync_ShouldParseFahrenheitAndConvert [FAIL]
[xUnit.net 00:00:00.16]     GoveeMAUI.Tests.ViewModels.SettingsViewModelTests.C
onstructor_ShouldLoadSettingsFromPreferences [FAIL]
[xUnit.net 00:00:00.16]     GoveeMAUI.Tests.Services.MonitorServiceTests.OnRead
ingUpdated_ShouldFireWhenNewReadingReceived [FAIL]
   System.TypeInitializationException : The type initializer for 'Microsoft.Maui.Storage.UnpackagedPreferencesImplementation' threw an exception.
---- System.Runtime.InteropServices.COMException : ClassFactory no puede suministrar a la clase solicitada

  Seguimiento de la pila:
     at Microsoft.Maui.Storage.UnpackagedPreferencesImplementation.Load()
   at Microsoft.Maui.Storage.UnpackagedPreferencesImplementation..ctor()
   at Microsoft.Maui.Storage.PreferencesImplementation..ctor()
   at Microsoft.Maui.Storage.Preferences.get_Default()
   at Microsoft.Maui.Storage.Preferences.get_Current()
   at Microsoft.Maui.Storage.Preferences.Get(String key, String defaultValue, String sharedName)
   at Microsoft.Maui.Storage.Preferences.Get(String key, String defaultValue)
   at GoveeMAUI.ViewModels.SettingsViewModel.LoadSettings() in C:\TemperatureProject\GoveeMAUI9\ViewModels\SettingsViewModel.cs:line 32
   at GoveeMAUI.ViewModels.SettingsViewModel..ctor(GoveeService govee) in C:\TemperatureProject\GoveeMAUI9\ViewModels\SettingsViewModel.cs:line 27
   at GoveeMAUI.Tests.ViewModels.SettingsViewModelTests..ctor() in C:\TemperatureProject\GoveeMAUI.Tests\ViewModels\SettingsViewModelTests.cs:line 15
   at System.RuntimeType.CreateInstanceDefaultCtor(Boolean publicOnly, Boolean wrapExceptions)
----- Inner Stack Trace -----
   at System.Runtime.InteropServices.Marshal.ThrowExceptionForHR(Int32 errorCode)
   at WinRT.ActivationFactory.Get(String typeName, Guid iid)
   at Microsoft.UI.Dispatching.DispatcherQueue.get__objRef_global__Microsoft_UI_Dispatching_IDispatcherQueueStatics()
   at Microsoft.UI.Dispatching.DispatcherQueue.GetForCurrentThread()
   at Microsoft.Maui.ApplicationModel.MainThread.TryGetDispatcherQueue()
   at Microsoft.Maui.ApplicationModel.MainThread.get_PlatformIsMainThread()
   at Microsoft.Maui.ApplicationModel.MainThread.get_IsMainThread()
   at Microsoft.Maui.ApplicationModel.AppInfoImplementation..ctor()
   at Microsoft.Maui.ApplicationModel.AppInfo.get_Current()
   at Microsoft.Maui.ApplicationModel.AppInfo.get_PackageName()
   at Microsoft.Maui.Storage.FileSystemImplementation.get_AppSpecificPath()
   at Microsoft.Maui.Storage.FileSystemImplementation.<>c.<.ctor>b__17_1()
   at System.Lazy`1.ViaFactory(LazyThreadSafetyMode mode)
   at System.Lazy`1.ExecutionAndPublication(LazyHelper executionAndPublication, Boolean useDefaultConstructor)
   at System.Lazy`1.CreateValue()
   at Microsoft.Maui.Storage.FileSystemImplementation.get_PlatformAppDataDirectory()
   at Microsoft.Maui.Storage.FileSystemImplementation.get_AppDataDirectory()
   at Microsoft.Maui.Storage.FileSystem.get_AppDataDirectory()
   at Microsoft.Maui.Storage.UnpackagedPreferencesImplementation..cctor()
  Con error GoveeMAUI.Tests.ViewModels.SettingsViewModelTests.DetectGoveeDevicesAsync_WithValidApiKey_ShouldListDevices [1 ms]
  Mensaje de error:
   System.TypeInitializationException : The type initializer for 'Microsoft.Maui.Storage.UnpackagedPreferencesImplementation' threw an exception.
---- System.Runtime.InteropServices.COMException : ClassFactory no puede suministrar a la clase solicitada

  Seguimiento de la pila:
     at Microsoft.Maui.Storage.UnpackagedPreferencesImplementation.Load()
   at Microsoft.Maui.Storage.UnpackagedPreferencesImplementation..ctor()
   at Microsoft.Maui.Storage.PreferencesImplementation..ctor()
   at Microsoft.Maui.Storage.Preferences.get_Default()
   at Microsoft.Maui.Storage.Preferences.get_Current()
   at Microsoft.Maui.Storage.Preferences.Get(String key, String defaultValue, String sharedName)
   at Microsoft.Maui.Storage.Preferences.Get(String key, String defaultValue)
   at GoveeMAUI.ViewModels.SettingsViewModel.LoadSettings() in C:\TemperatureProject\GoveeMAUI9\ViewModels\SettingsViewModel.cs:line 32
   at GoveeMAUI.ViewModels.SettingsViewModel..ctor(GoveeService govee) in C:\TemperatureProject\GoveeMAUI9\ViewModels\SettingsViewModel.cs:line 27
   at GoveeMAUI.Tests.ViewModels.SettingsViewModelTests..ctor() in C:\TemperatureProject\GoveeMAUI.Tests\ViewModels\SettingsViewModelTests.cs:line 15
   at System.RuntimeType.CreateInstanceDefaultCtor(Boolean publicOnly, Boolean wrapExceptions)
----- Inner Stack Trace -----
   at System.Runtime.InteropServices.Marshal.ThrowExceptionForHR(Int32 errorCode)
   at WinRT.ActivationFactory.Get(String typeName, Guid iid)
   at Microsoft.UI.Dispatching.DispatcherQueue.get__objRef_global__Microsoft_UI_Dispatching_IDispatcherQueueStatics()
   at Microsoft.UI.Dispatching.DispatcherQueue.GetForCurrentThread()
   at Microsoft.Maui.ApplicationModel.MainThread.TryGetDispatcherQueue()
   at Microsoft.Maui.ApplicationModel.MainThread.get_PlatformIsMainThread()
   at Microsoft.Maui.ApplicationModel.MainThread.get_IsMainThread()
   at Microsoft.Maui.ApplicationModel.AppInfoImplementation..ctor()
   at Microsoft.Maui.ApplicationModel.AppInfo.get_Current()
   at Microsoft.Maui.ApplicationModel.AppInfo.get_PackageName()
   at Microsoft.Maui.Storage.FileSystemImplementation.get_AppSpecificPath()
   at Microsoft.Maui.Storage.FileSystemImplementation.<>c.<.ctor>b__17_1()
   at System.Lazy`1.ViaFactory(LazyThreadSafetyMode mode)
   at System.Lazy`1.ExecutionAndPublication(LazyHelper executionAndPublication, Boolean useDefaultConstructor)
   at System.Lazy`1.CreateValue()
   at Microsoft.Maui.Storage.FileSystemImplementation.get_PlatformAppDataDirectory()
   at Microsoft.Maui.Storage.FileSystemImplementation.get_AppDataDirectory()
   at Microsoft.Maui.Storage.FileSystem.get_AppDataDirectory()
   at Microsoft.Maui.Storage.UnpackagedPreferencesImplementation..cctor()
  Con error GoveeMAUI.Tests.ViewModels.SettingsViewModelTests.StatusMessage_ShouldStartEmpty [1 ms]
  Mensaje de error:
   System.TypeInitializationException : The type initializer for 'Microsoft.Maui.Storage.UnpackagedPreferencesImplementation' threw an exception.
---- System.Runtime.InteropServices.COMException : ClassFactory no puede suministrar a la clase solicitada

  Seguimiento de la pila:
     at Microsoft.Maui.Storage.UnpackagedPreferencesImplementation.Load()
   at Microsoft.Maui.Storage.UnpackagedPreferencesImplementation..ctor()
   at Microsoft.Maui.Storage.PreferencesImplementation..ctor()
   at Microsoft.Maui.Storage.Preferences.get_Default()
   at Microsoft.Maui.Storage.Preferences.get_Current()
   at Microsoft.Maui.Storage.Preferences.Get(String key, String defaultValue, String sharedName)
   at Microsoft.Maui.Storage.Preferences.Get(String key, String defaultValue)
   at GoveeMAUI.ViewModels.SettingsViewModel.LoadSettings() in C:\TemperatureProject\GoveeMAUI9\ViewModels\SettingsViewModel.cs:line 32
   at GoveeMAUI.ViewModels.SettingsViewModel..ctor(GoveeService govee) in C:\TemperatureProject\GoveeMAUI9\ViewModels\SettingsViewModel.cs:line 27
   at GoveeMAUI.Tests.ViewModels.SettingsViewModelTests..ctor() in C:\TemperatureProject\GoveeMAUI.Tests\ViewModels\SettingsViewModelTests.cs:line 15
   at System.RuntimeType.CreateInstanceDefaultCtor(Boolean publicOnly, Boolean wrapExceptions)
----- Inner Stack Trace -----
   at System.Runtime.InteropServices.Marshal.ThrowExceptionForHR(Int32 errorCode)
   at WinRT.ActivationFactory.Get(String typeName, Guid iid)
   at Microsoft.UI.Dispatching.DispatcherQueue.get__objRef_global__Microsoft_UI_Dispatching_IDispatcherQueueStatics()
   at Microsoft.UI.Dispatching.DispatcherQueue.GetForCurrentThread()
   at Microsoft.Maui.ApplicationModel.MainThread.TryGetDispatcherQueue()
   at Microsoft.Maui.ApplicationModel.MainThread.get_PlatformIsMainThread()
   at Microsoft.Maui.ApplicationModel.MainThread.get_IsMainThread()
   at Microsoft.Maui.ApplicationModel.AppInfoImplementation..ctor()
   at Microsoft.Maui.ApplicationModel.AppInfo.get_Current()
   at Microsoft.Maui.ApplicationModel.AppInfo.get_PackageName()
   at Microsoft.Maui.Storage.FileSystemImplementation.get_AppSpecificPath()
   at Microsoft.Maui.Storage.FileSystemImplementation.<>c.<.ctor>b__17_1()
   at System.Lazy`1.ViaFactory(LazyThreadSafetyMode mode)
   at System.Lazy`1.ExecutionAndPublication(LazyHelper executionAndPublication, Boolean useDefaultConstructor)
   at System.Lazy`1.CreateValue()
   at Microsoft.Maui.Storage.FileSystemImplementation.get_PlatformAppDataDirectory()
   at Microsoft.Maui.Storage.FileSystemImplementation.get_AppDataDirectory()
   at Microsoft.Maui.Storage.FileSystem.get_AppDataDirectory()
   at Microsoft.Maui.Storage.UnpackagedPreferencesImplementation..cctor()
  Con error GoveeMAUI.Tests.ViewModels.SettingsViewModelTests.Constructor_ShouldUseDefaultValuesIfNotSet [1 ms]
  Mensaje de error:
   System.TypeInitializationException : The type initializer for 'Microsoft.Maui.Storage.UnpackagedPreferencesImplementation' threw an exception.
---- System.Runtime.InteropServices.COMException : ClassFactory no puede suministrar a la clase solicitada

  Seguimiento de la pila:
     at Microsoft.Maui.Storage.UnpackagedPreferencesImplementation.Load()
   at Microsoft.Maui.Storage.UnpackagedPreferencesImplementation..ctor()
   at Microsoft.Maui.Storage.PreferencesImplementation..ctor()
   at Microsoft.Maui.Storage.Preferences.get_Default()
   at Microsoft.Maui.Storage.Preferences.get_Current()
   at Microsoft.Maui.Storage.Preferences.Get(String key, String defaultValue, String sharedName)
   at Microsoft.Maui.Storage.Preferences.Get(String key, String defaultValue)
   at GoveeMAUI.ViewModels.SettingsViewModel.LoadSettings() in C:\TemperatureProject\GoveeMAUI9\ViewModels\SettingsViewModel.cs:line 32
   at GoveeMAUI.ViewModels.SettingsViewModel..ctor(GoveeService govee) in C:\TemperatureProject\GoveeMAUI9\ViewModels\SettingsViewModel.cs:line 27
   at GoveeMAUI.Tests.ViewModels.SettingsViewModelTests..ctor() in C:\TemperatureProject\GoveeMAUI.Tests\ViewModels\SettingsViewModelTests.cs:line 15
   at System.RuntimeType.CreateInstanceDefaultCtor(Boolean publicOnly, Boolean wrapExceptions)
----- Inner Stack Trace -----
   at System.Runtime.InteropServices.Marshal.ThrowExceptionForHR(Int32 errorCode)
   at WinRT.ActivationFactory.Get(String typeName, Guid iid)
   at Microsoft.UI.Dispatching.DispatcherQueue.get__objRef_global__Microsoft_UI_Dispatching_IDispatcherQueueStatics()
   at Microsoft.UI.Dispatching.DispatcherQueue.GetForCurrentThread()
   at Microsoft.Maui.ApplicationModel.MainThread.TryGetDispatcherQueue()
   at Microsoft.Maui.ApplicationModel.MainThread.get_PlatformIsMainThread()
   at Microsoft.Maui.ApplicationModel.MainThread.get_IsMainThread()
   at Microsoft.Maui.ApplicationModel.AppInfoImplementation..ctor()
   at Microsoft.Maui.ApplicationModel.AppInfo.get_Current()
   at Microsoft.Maui.ApplicationModel.AppInfo.get_PackageName()
   at Microsoft.Maui.Storage.FileSystemImplementation.get_AppSpecificPath()
   at Microsoft.Maui.Storage.FileSystemImplementation.<>c.<.ctor>b__17_1()
   at System.Lazy`1.ViaFactory(LazyThreadSafetyMode mode)
   at System.Lazy`1.ExecutionAndPublication(LazyHelper executionAndPublication, Boolean useDefaultConstructor)
   at System.Lazy`1.CreateValue()
   at Microsoft.Maui.Storage.FileSystemImplementation.get_PlatformAppDataDirectory()
   at Microsoft.Maui.Storage.FileSystemImplementation.get_AppDataDirectory()
   at Microsoft.Maui.Storage.FileSystem.get_AppDataDirectory()
   at Microsoft.Maui.Storage.UnpackagedPreferencesImplementation..cctor()
  Con error GoveeMAUI.Tests.Services.GoveeServiceTests.GetDeviceStateAsync_ShouldParseFahrenheitAndConvert [< 1 ms]
  Mensaje de error:
   System.TypeInitializationException : The type initializer for 'Microsoft.Maui.Storage.UnpackagedPreferencesImplementation' threw an exception.
---- System.Runtime.InteropServices.COMException : ClassFactory no puede suministrar a la clase solicitada

  Seguimiento de la pila:
     at Microsoft.Maui.Storage.UnpackagedPreferencesImplementation.Load()
   at Microsoft.Maui.Storage.UnpackagedPreferencesImplementation..ctor()
   at Microsoft.Maui.Storage.PreferencesImplementation..ctor()
   at Microsoft.Maui.Storage.Preferences.get_Default()
   at Microsoft.Maui.Storage.Preferences.get_Current()
   at Microsoft.Maui.Storage.Preferences.Set(String key, String value, String sharedName)
   at Microsoft.Maui.Storage.Preferences.Set(String key, String value)
   at GoveeMAUI.Tests.Services.GoveeServiceTests.GetDeviceStateAsync_ShouldParseFahrenheitAndConvert() in C:\TemperatureProject\GoveeMAUI.Tests\Services\GoveeServiceTests.cs:line 130
--- End of stack trace from previous location ---
----- Inner Stack Trace -----
   at System.Runtime.InteropServices.Marshal.ThrowExceptionForHR(Int32 errorCode)
   at WinRT.ActivationFactory.Get(String typeName, Guid iid)
   at Microsoft.UI.Dispatching.DispatcherQueue.get__objRef_global__Microsoft_UI_Dispatching_IDispatcherQueueStatics()
   at Microsoft.UI.Dispatching.DispatcherQueue.GetForCurrentThread()
   at Microsoft.Maui.ApplicationModel.MainThread.TryGetDispatcherQueue()
   at Microsoft.Maui.ApplicationModel.MainThread.get_PlatformIsMainThread()
   at Microsoft.Maui.ApplicationModel.MainThread.get_IsMainThread()
   at Microsoft.Maui.ApplicationModel.AppInfoImplementation..ctor()
   at Microsoft.Maui.ApplicationModel.AppInfo.get_Current()
   at Microsoft.Maui.ApplicationModel.AppInfo.get_PackageName()
   at Microsoft.Maui.Storage.FileSystemImplementation.get_AppSpecificPath()
   at Microsoft.Maui.Storage.FileSystemImplementation.<>c.<.ctor>b__17_1()
   at System.Lazy`1.ViaFactory(LazyThreadSafetyMode mode)
   at System.Lazy`1.ExecutionAndPublication(LazyHelper executionAndPublication, Boolean useDefaultConstructor)
   at System.Lazy`1.CreateValue()
   at Microsoft.Maui.Storage.FileSystemImplementation.get_PlatformAppDataDirectory()
   at Microsoft.Maui.Storage.FileSystemImplementation.get_AppDataDirectory()
   at Microsoft.Maui.Storage.FileSystem.get_AppDataDirectory()
   at Microsoft.Maui.Storage.UnpackagedPreferencesImplementation..cctor()
  Con error GoveeMAUI.Tests.ViewModels.SettingsViewModelTests.Constructor_ShouldLoadSettingsFromPreferences [1 ms]
  Mensaje de error:
   System.TypeInitializationException : The type initializer for 'Microsoft.Maui.Storage.UnpackagedPreferencesImplementation' threw an exception.
---- System.Runtime.InteropServices.COMException : ClassFactory no puede suministrar a la clase solicitada

  Seguimiento de la pila:
     at Microsoft.Maui.Storage.UnpackagedPreferencesImplementation.Load()
   at Microsoft.Maui.Storage.UnpackagedPreferencesImplementation..ctor()
   at Microsoft.Maui.Storage.PreferencesImplementation..ctor()
   at Microsoft.Maui.Storage.Preferences.get_Default()
   at Microsoft.Maui.Storage.Preferences.get_Current()
   at Microsoft.Maui.Storage.Preferences.Get(String key, String defaultValue, String sharedName)
   at Microsoft.Maui.Storage.Preferences.Get(String key, String defaultValue)
   at GoveeMAUI.ViewModels.SettingsViewModel.LoadSettings() in C:\TemperatureProject\GoveeMAUI9\ViewModels\SettingsViewModel.cs:line 32
   at GoveeMAUI.ViewModels.SettingsViewModel..ctor(GoveeService govee) in C:\TemperatureProject\GoveeMAUI9\ViewModels\SettingsViewModel.cs:line 27
[xUnit.net 00:00:00.16]     GoveeMAUI.Tests.ViewModels.SettingsViewModelTests.P
roperties_ShouldBeObservable [FAIL]
[xUnit.net 00:00:00.16]     GoveeMAUI.Tests.Services.MonitorServiceTests.RunLoo
p_ShouldApplyHysteresis(temperature: 20, expectedPlugOn: True, reason: 
"Temperatura bajo umbral ÔåÆ enchufe encendido") [FAIL]
[xUnit.net 00:00:00.16]     GoveeMAUI.Tests.Services.MonitorServiceTests.RunLoo
p_ShouldApplyHysteresis(temperature: 25, expectedPlugOn: False, reason: 
"Temperatura en umbral ÔåÆ enchufe apagado") [FAIL]
[xUnit.net 00:00:00.17]     GoveeMAUI.Tests.Services.MonitorServiceTests.RunLoo
p_ShouldApplyHysteresis(temperature: 26, expectedPlugOn: False, reason: 
"Temperatura sobre umbral ÔåÆ enchufe apagado") [FAIL]
[xUnit.net 00:00:00.17]     GoveeMAUI.Tests.Services.MonitorServiceTests.StartA
sync_WithoutDeviceId_ShouldAutoDiscoverDevice [FAIL]
[xUnit.net 00:00:00.17]     
GoveeMAUI.Tests.Services.MonitorServiceTests.Stop_ShouldSetIsRunningToFalse 
[FAIL]
   at GoveeMAUI.Tests.ViewModels.SettingsViewModelTests..ctor() in C:\TemperatureProject\GoveeMAUI.Tests\ViewModels\SettingsViewModelTests.cs:line 15
   at System.RuntimeType.CreateInstanceDefaultCtor(Boolean publicOnly, Boolean wrapExceptions)
----- Inner Stack Trace -----
   at System.Runtime.InteropServices.Marshal.ThrowExceptionForHR(Int32 errorCode)
   at WinRT.ActivationFactory.Get(String typeName, Guid iid)
   at Microsoft.UI.Dispatching.DispatcherQueue.get__objRef_global__Microsoft_UI_Dispatching_IDispatcherQueueStatics()
   at Microsoft.UI.Dispatching.DispatcherQueue.GetForCurrentThread()
   at Microsoft.Maui.ApplicationModel.MainThread.TryGetDispatcherQueue()
   at Microsoft.Maui.ApplicationModel.MainThread.get_PlatformIsMainThread()
   at Microsoft.Maui.ApplicationModel.MainThread.get_IsMainThread()
   at Microsoft.Maui.ApplicationModel.AppInfoImplementation..ctor()
   at Microsoft.Maui.ApplicationModel.AppInfo.get_Current()
   at Microsoft.Maui.ApplicationModel.AppInfo.get_PackageName()
   at Microsoft.Maui.Storage.FileSystemImplementation.get_AppSpecificPath()
   at Microsoft.Maui.Storage.FileSystemImplementation.<>c.<.ctor>b__17_1()
   at System.Lazy`1.ViaFactory(LazyThreadSafetyMode mode)
   at System.Lazy`1.ExecutionAndPublication(LazyHelper executionAndPublication, Boolean useDefaultConstructor)
   at System.Lazy`1.CreateValue()
   at Microsoft.Maui.Storage.FileSystemImplementation.get_PlatformAppDataDirectory()
   at Microsoft.Maui.Storage.FileSystemImplementation.get_AppDataDirectory()
   at Microsoft.Maui.Storage.FileSystem.get_AppDataDirectory()
   at Microsoft.Maui.Storage.UnpackagedPreferencesImplementation..cctor()
  Con error GoveeMAUI.Tests.Services.MonitorServiceTests.OnReadingUpdated_ShouldFireWhenNewReadingReceived [< 1 ms]
  Mensaje de error:
   System.TypeInitializationException : The type initializer for 'Microsoft.Maui.Storage.UnpackagedPreferencesImplementation' threw an exception.
---- System.Runtime.InteropServices.COMException : ClassFactory no puede suministrar a la clase solicitada

  Seguimiento de la pila:
  
----- Inner Stack Trace -----
   at System.Runtime.InteropServices.Marshal.ThrowExceptionForHR(Int32 errorCode)
   at WinRT.ActivationFactory.Get(String typeName, Guid iid)
   at Microsoft.UI.Dispatching.DispatcherQueue.get__objRef_global__Microsoft_UI_Dispatching_IDispatcherQueueStatics()
   at Microsoft.UI.Dispatching.DispatcherQueue.GetForCurrentThread()
   at Microsoft.Maui.ApplicationModel.MainThread.TryGetDispatcherQueue()
   at Microsoft.Maui.ApplicationModel.MainThread.get_PlatformIsMainThread()
   at Microsoft.Maui.ApplicationModel.MainThread.get_IsMainThread()
   at Microsoft.Maui.ApplicationModel.AppInfoImplementation..ctor()
   at Microsoft.Maui.ApplicationModel.AppInfo.get_Current()
   at Microsoft.Maui.ApplicationModel.AppInfo.get_PackageName()
   at Microsoft.Maui.Storage.FileSystemImplementation.get_AppSpecificPath()
   at Microsoft.Maui.Storage.FileSystemImplementation.<>c.<.ctor>b__17_1()
   at System.Lazy`1.ViaFactory(LazyThreadSafetyMode mode)
   at System.Lazy`1.ExecutionAndPublication(LazyHelper executionAndPublication, Boolean useDefaultConstructor)
   at System.Lazy`1.CreateValue()
   at Microsoft.Maui.Storage.FileSystemImplementation.get_PlatformAppDataDirectory()
   at Microsoft.Maui.Storage.FileSystemImplementation.get_AppDataDirectory()
   at Microsoft.Maui.Storage.FileSystem.get_AppDataDirectory()
   at Microsoft.Maui.Storage.UnpackagedPreferencesImplementation..cctor()
  Con error GoveeMAUI.Tests.ViewModels.SettingsViewModelTests.Properties_ShouldBeObservable [1 ms]
  Mensaje de error:
   System.TypeInitializationException : The type initializer for 'Microsoft.Maui.Storage.UnpackagedPreferencesImplementation' threw an exception.
---- System.Runtime.InteropServices.COMException : ClassFactory no puede suministrar a la clase solicitada

  Seguimiento de la pila:
     at Microsoft.Maui.Storage.UnpackagedPreferencesImplementation.Load()
   at Microsoft.Maui.Storage.UnpackagedPreferencesImplementation..ctor()
   at Microsoft.Maui.Storage.PreferencesImplementation..ctor()
   at Microsoft.Maui.Storage.Preferences.get_Default()
   at Microsoft.Maui.Storage.Preferences.get_Current()
   at Microsoft.Maui.Storage.Preferences.Get(String key, String defaultValue, String sharedName)
   at Microsoft.Maui.Storage.Preferences.Get(String key, String defaultValue)
   at GoveeMAUI.ViewModels.SettingsViewModel.LoadSettings() in C:\TemperatureProject\GoveeMAUI9\ViewModels\SettingsViewModel.cs:line 32
   at GoveeMAUI.ViewModels.SettingsViewModel..ctor(GoveeService govee) in C:\TemperatureProject\GoveeMAUI9\ViewModels\SettingsViewModel.cs:line 27
   at GoveeMAUI.Tests.ViewModels.SettingsViewModelTests..ctor() in C:\TemperatureProject\GoveeMAUI.Tests\ViewModels\SettingsViewModelTests.cs:line 15
   at System.RuntimeType.CreateInstanceDefaultCtor(Boolean publicOnly, Boolean wrapExceptions)
----- Inner Stack Trace -----
   at System.Runtime.InteropServices.Marshal.ThrowExceptionForHR(Int32 errorCode)
   at WinRT.ActivationFactory.Get(String typeName, Guid iid)
   at Microsoft.UI.Dispatching.DispatcherQueue.get__objRef_global__Microsoft_UI_Dispatching_IDispatcherQueueStatics()
   at Microsoft.UI.Dispatching.DispatcherQueue.GetForCurrentThread()
   at Microsoft.Maui.ApplicationModel.MainThread.TryGetDispatcherQueue()
   at Microsoft.Maui.ApplicationModel.MainThread.get_PlatformIsMainThread()
   at Microsoft.Maui.ApplicationModel.MainThread.get_IsMainThread()
   at Microsoft.Maui.ApplicationModel.AppInfoImplementation..ctor()
   at Microsoft.Maui.ApplicationModel.AppInfo.get_Current()
   at Microsoft.Maui.ApplicationModel.AppInfo.get_PackageName()
   at Microsoft.Maui.Storage.FileSystemImplementation.get_AppSpecificPath()
   at Microsoft.Maui.Storage.FileSystemImplementation.<>c.<.ctor>b__17_1()
   at System.Lazy`1.ViaFactory(LazyThreadSafetyMode mode)
   at System.Lazy`1.ExecutionAndPublication(LazyHelper executionAndPublication, Boolean useDefaultConstructor)
   at System.Lazy`1.CreateValue()
   at Microsoft.Maui.Storage.FileSystemImplementation.get_PlatformAppDataDirectory()
   at Microsoft.Maui.Storage.FileSystemImplementation.get_AppDataDirectory()
   at Microsoft.Maui.Storage.FileSystem.get_AppDataDirectory()
   at Microsoft.Maui.Storage.UnpackagedPreferencesImplementation..cctor()
  Con error GoveeMAUI.Tests.Services.MonitorServiceTests.RunLoop_ShouldApplyHysteresis(temperature: 20, expectedPlugOn: True, reason: "Temperatura bajo umbral ÔåÆ enchufe encendido") [< 1 ms]
  Mensaje de error:
   System.TypeInitializationException : The type initializer for 'Microsoft.Maui.Storage.UnpackagedPreferencesImplementation' threw an exception.
---- System.Runtime.InteropServices.COMException : ClassFactory no puede suministrar a la clase solicitada

  Seguimiento de la pila:
     at Microsoft.Maui.Storage.UnpackagedPreferencesImplementation.Load()
   at Microsoft.Maui.Storage.UnpackagedPreferencesImplementation..ctor()
   at Microsoft.Maui.Storage.PreferencesImplementation..ctor()
   at Microsoft.Maui.Storage.Preferences.get_Default()
   at Microsoft.Maui.Storage.Preferences.get_Current()
   at Microsoft.Maui.Storage.Preferences.Set(String key, String value, String sharedName)
   at Microsoft.Maui.Storage.Preferences.Set(String key, String value)
   at GoveeMAUI.Tests.Services.MonitorServiceTests.RunLoop_ShouldApplyHysteresis(Double temperature, Boolean expectedPlugOn, String reason) in C:\TemperatureProject\GoveeMAUI.Tests\Services\MonitorServiceTests.cs:line 197
--- End of stack trace from previous location ---
----- Inner Stack Trace -----
   at System.Runtime.InteropServices.Marshal.ThrowExceptionForHR(Int32 errorCode)
   at WinRT.ActivationFactory.Get(String typeName, Guid iid)
   at Microsoft.UI.Dispatching.DispatcherQueue.get__objRef_global__Microsoft_UI_Dispatching_IDispatcherQueueStatics()
   at Microsoft.UI.Dispatching.DispatcherQueue.GetForCurrentThread()
   at Microsoft.Maui.ApplicationModel.MainThread.TryGetDispatcherQueue()
   at Microsoft.Maui.ApplicationModel.MainThread.get_PlatformIsMainThread()
   at Microsoft.Maui.ApplicationModel.MainThread.get_IsMainThread()
   at Microsoft.Maui.ApplicationModel.AppInfoImplementation..ctor()
   at Microsoft.Maui.ApplicationModel.AppInfo.get_Current()
   at Microsoft.Maui.ApplicationModel.AppInfo.get_PackageName()
   at Microsoft.Maui.Storage.FileSystemImplementation.get_AppSpecificPath()
   at Microsoft.Maui.Storage.FileSystemImplementation.<>c.<.ctor>b__17_1()
   at System.Lazy`1.ViaFactory(LazyThreadSafetyMode mode)
   at System.Lazy`1.ExecutionAndPublication(LazyHelper executionAndPublication, Boolean useDefaultConstructor)
   at System.Lazy`1.CreateValue()
   at Microsoft.Maui.Storage.FileSystemImplementation.get_PlatformAppDataDirectory()
   at Microsoft.Maui.Storage.FileSystemImplementation.get_AppDataDirectory()
   at Microsoft.Maui.Storage.FileSystem.get_AppDataDirectory()
   at Microsoft.Maui.Storage.UnpackagedPreferencesImplementation..cctor()
  Con error GoveeMAUI.Tests.Services.MonitorServiceTests.RunLoop_ShouldApplyHysteresis(temperature: 25, expectedPlugOn: False, reason: "Temperatura en umbral ÔåÆ enchufe apagado") [< 1 ms]
  Mensaje de error:
   System.TypeInitializationException : The type initializer for 'Microsoft.Maui.Storage.UnpackagedPreferencesImplementation' threw an exception.
---- System.Runtime.InteropServices.COMException : ClassFactory no puede suministrar a la clase solicitada

  Seguimiento de la pila:
     at Microsoft.Maui.Storage.UnpackagedPreferencesImplementation.Load()
   at Microsoft.Maui.Storage.UnpackagedPreferencesImplementation..ctor()
   at Microsoft.Maui.Storage.PreferencesImplementation..ctor()
   at Microsoft.Maui.Storage.Preferences.get_Default()
   at Microsoft.Maui.Storage.Preferences.get_Current()
   at Microsoft.Maui.Storage.Preferences.Set(String key, String value, String sharedName)
   at Microsoft.Maui.Storage.Preferences.Set(String key, String value)
   at GoveeMAUI.Tests.Services.MonitorServiceTests.RunLoop_ShouldApplyHysteresis(Double temperature, Boolean expectedPlugOn, String reason) in C:\TemperatureProject\GoveeMAUI.Tests\Services\MonitorServiceTests.cs:line 197
--- End of stack trace from previous location ---
----- Inner Stack Trace -----
   at System.Runtime.InteropServices.Marshal.ThrowExceptionForHR(Int32 errorCode)
   at WinRT.ActivationFactory.Get(String typeName, Guid iid)
   at Microsoft.UI.Dispatching.DispatcherQueue.get__objRef_global__Microsoft_UI_Dispatching_IDispatcherQueueStatics()
   at Microsoft.UI.Dispatching.DispatcherQueue.GetForCurrentThread()
   at Microsoft.Maui.ApplicationModel.MainThread.TryGetDispatcherQueue()
   at Microsoft.Maui.ApplicationModel.MainThread.get_PlatformIsMainThread()
   at Microsoft.Maui.ApplicationModel.MainThread.get_IsMainThread()
   at Microsoft.Maui.ApplicationModel.AppInfoImplementation..ctor()
   at Microsoft.Maui.ApplicationModel.AppInfo.get_Current()
   at Microsoft.Maui.ApplicationModel.AppInfo.get_PackageName()
   at Microsoft.Maui.Storage.FileSystemImplementation.get_AppSpecificPath()
   at Microsoft.Maui.Storage.FileSystemImplementation.<>c.<.ctor>b__17_1()
   at System.Lazy`1.ViaFactory(LazyThreadSafetyMode mode)
   at System.Lazy`1.ExecutionAndPublication(LazyHelper executionAndPublication, Boolean useDefaultConstructor)
   at System.Lazy`1.CreateValue()
   at Microsoft.Maui.Storage.FileSystemImplementation.get_PlatformAppDataDirectory()
   at Microsoft.Maui.Storage.FileSystemImplementation.get_AppDataDirectory()
   at Microsoft.Maui.Storage.FileSystem.get_AppDataDirectory()
   at Microsoft.Maui.Storage.UnpackagedPreferencesImplementation..cctor()
  Con error GoveeMAUI.Tests.Services.MonitorServiceTests.RunLoop_ShouldApplyHysteresis(temperature: 26, expectedPlugOn: False, reason: "Temperatura sobre umbral ÔåÆ enchufe apagado") [< 1 ms]
  Mensaje de error:
   System.TypeInitializationException : The type initializer for 'Microsoft.Maui.Storage.UnpackagedPreferencesImplementation' threw an exception.
---- System.Runtime.InteropServices.COMException : ClassFactory no puede suministrar a la clase solicitada

  Seguimiento de la pila:
     at Microsoft.Maui.Storage.UnpackagedPreferencesImplementation.Load()
   at Microsoft.Maui.Storage.UnpackagedPreferencesImplementation..ctor()
   at Microsoft.Maui.Storage.PreferencesImplementation..ctor()
   at Microsoft.Maui.Storage.Preferences.get_Default()
   at Microsoft.Maui.Storage.Preferences.get_Current()
   at Microsoft.Maui.Storage.Preferences.Set(String key, String value, String sharedName)
   at Microsoft.Maui.Storage.Preferences.Set(String key, String value)
   at GoveeMAUI.Tests.Services.MonitorServiceTests.RunLoop_ShouldApplyHysteresis(Double temperature, Boolean expectedPlugOn, String reason) in C:\TemperatureProject\GoveeMAUI.Tests\Services\MonitorServiceTests.cs:line 197
--- End of stack trace from previous location ---
----- Inner Stack Trace -----
   at System.Runtime.InteropServices.Marshal.ThrowExceptionForHR(Int32 errorCode)
   at WinRT.ActivationFactory.Get(String typeName, Guid iid)
   at Microsoft.UI.Dispatching.DispatcherQueue.get__objRef_global__Microsoft_UI_Dispatching_IDispatcherQueueStatics()
   at Microsoft.UI.Dispatching.DispatcherQueue.GetForCurrentThread()
   at Microsoft.Maui.ApplicationModel.MainThread.TryGetDispatcherQueue()
   at Microsoft.Maui.ApplicationModel.MainThread.get_PlatformIsMainThread()
   at Microsoft.Maui.ApplicationModel.MainThread.get_IsMainThread()
   at Microsoft.Maui.ApplicationModel.AppInfoImplementation..ctor()
   at Microsoft.Maui.ApplicationModel.AppInfo.get_Current()
   at Microsoft.Maui.ApplicationModel.AppInfo.get_PackageName()
   at Microsoft.Maui.Storage.FileSystemImplementation.get_AppSpecificPath()
   at Microsoft.Maui.Storage.FileSystemImplementation.<>c.<.ctor>b__17_1()
   at System.Lazy`1.ViaFactory(LazyThreadSafetyMode mode)
   at System.Lazy`1.ExecutionAndPublication(LazyHelper executionAndPublication, Boolean useDefaultConstructor)
   at System.Lazy`1.CreateValue()
   at Microsoft.Maui.Storage.FileSystemImplementation.get_PlatformAppDataDirectory()
   at Microsoft.Maui.Storage.FileSystemImplementation.get_AppDataDirectory()
   at Microsoft.Maui.Storage.FileSystem.get_AppDataDirectory()
   at Microsoft.Maui.Storage.UnpackagedPreferencesImplementation..cctor()
  Con error GoveeMAUI.Tests.Services.MonitorServiceTests.StartAsync_WithoutDeviceId_ShouldAutoDiscoverDevice [< 1 ms]
  Mensaje de error:
   System.TypeInitializationException : The type initializer for 'Microsoft.Maui.Storage.UnpackagedPreferencesImplementation' threw an exception.
---- System.Runtime.InteropServices.COMException : ClassFactory no puede suministrar a la clase solicitada

  Seguimiento de la pila:
     at Microsoft.Maui.Storage.UnpackagedPreferencesImplementation.Load()
   at Microsoft.Maui.Storage.UnpackagedPreferencesImplementation..ctor()
   at Microsoft.Maui.Storage.PreferencesImplementation..ctor()
   at Microsoft.Maui.Storage.Preferences.get_Default()
   at Microsoft.Maui.Storage.Preferences.get_Current()
   at Microsoft.Maui.Storage.Preferences.Remove(String key, String sharedName)
   at Microsoft.Maui.Storage.Preferences.Remove(String key)
   at GoveeMAUI.Tests.Services.MonitorServiceTests.StartAsync_WithoutDeviceId_ShouldAutoDiscoverDevice() in C:\TemperatureProject\GoveeMAUI.Tests\Services\MonitorServiceTests.cs:line 94
--- End of stack trace from previous location ---
----- Inner Stack Trace -----
   at System.Runtime.InteropServices.Marshal.ThrowExceptionForHR(Int32 errorCode)
   at WinRT.ActivationFactory.Get(String typeName, Guid iid)
   at Microsoft.UI.Dispatching.DispatcherQueue.get__objRef_global__Microsoft_UI_Dispatching_IDispatcherQueueStatics()
   at Microsoft.UI.Dispatching.DispatcherQueue.GetForCurrentThread()
   at Microsoft.Maui.ApplicationModel.MainThread.TryGetDispatcherQueue()
   at Microsoft.Maui.ApplicationModel.MainThread.get_PlatformIsMainThread()
   at Microsoft.Maui.ApplicationModel.MainThread.get_IsMainThread()
   at Microsoft.Maui.ApplicationModel.AppInfoImplementation..ctor()
   at Microsoft.Maui.ApplicationModel.AppInfo.get_Current()
   at Microsoft.Maui.ApplicationModel.AppInfo.get_PackageName()
   at Microsoft.Maui.Storage.FileSystemImplementation.get_AppSpecificPath()
   at Microsoft.Maui.Storage.FileSystemImplementation.<>c.<.ctor>b__17_1()
   at System.Lazy`1.ViaFactory(LazyThreadSafetyMode mode)
   at System.Lazy`1.ExecutionAndPublication(LazyHelper executionAndPublication, Boolean useDefaultConstructor)
   at System.Lazy`1.CreateValue()
   at Microsoft.Maui.Storage.FileSystemImplementation.get_PlatformAppDataDirectory()
   at Microsoft.Maui.Storage.FileSystemImplementation.get_AppDataDirectory()
   at Microsoft.Maui.Storage.FileSystem.get_AppDataDirectory()
   at Microsoft.Maui.Storage.UnpackagedPreferencesImplementation..cctor()
  Con error GoveeMAUI.Tests.Services.MonitorServiceTests.Stop_ShouldSetIsRunningToFalse [< 1 ms]
  Mensaje de error:
   System.TypeInitializationException : The type initializer for 'Microsoft.Maui.Storage.UnpackagedPreferencesImplementation' threw an exception.
---- System.Runtime.InteropServices.COMException : ClassFactory no puede suministrar a la clase solicitada

  Seguimiento de la pila:
[xUnit.net 00:00:00.17]     GoveeMAUI.Tests.Services.GoveeServiceTests.GetDevic
eStateAsync_ShouldParseTemperatureCorrectly(rawTemp: 22, expectedTemp: 22, 
reason: "22 ÔåÆ 22┬░C: valor v├ílido ya") [FAIL]
[xUnit.net 00:00:00.17]     GoveeMAUI.Tests.Services.MonitorServiceTests.StartA
sync_ShouldHandleMerossConnectionFailure [FAIL]
[xUnit.net 00:00:00.17]     GoveeMAUI.Tests.Services.GoveeServiceTests.GetDevic
eStateAsync_ShouldParseTemperatureCorrectly(rawTemp: 196, expectedTemp: 1, 
reason: "196 ÔåÆ 19.6┬░C: valor en d├®cimas") [FAIL]
[xUnit.net 00:00:00.17]     GoveeMAUI.Tests.Services.GoveeServiceTests.GetDevic
eStateAsync_ShouldParseTemperatureCorrectly(rawTemp: 1960, expectedTemp: 1, 
reason: "1960 ÔåÆ 19.60┬░C: divisi├│n por 100") [FAIL]
     at Microsoft.Maui.Storage.UnpackagedPreferencesImplementation.Load()
   at Microsoft.Maui.Storage.UnpackagedPreferencesImplementation..ctor()
   at Microsoft.Maui.Storage.PreferencesImplementation..ctor()
   at Microsoft.Maui.Storage.Preferences.get_Default()
   at Microsoft.Maui.Storage.Preferences.get_Current()
   at Microsoft.Maui.Storage.Preferences.Set(String key, String value, String sharedName)
   at Microsoft.Maui.Storage.Preferences.Set(String key, String value)
   at GoveeMAUI.Tests.Services.MonitorServiceTests.Stop_ShouldSetIsRunningToFalse() in C:\TemperatureProject\GoveeMAUI.Tests\Services\MonitorServiceTests.cs:line 67
   at System.RuntimeMethodHandle.InvokeMethod(Object target, Void** arguments, Signature sig, Boolean isConstructor)
   at System.Reflection.MethodBaseInvoker.InvokeWithNoArgs(Object obj, BindingFlags invokeAttr)
----- Inner Stack Trace -----
   at System.Runtime.InteropServices.Marshal.ThrowExceptionForHR(Int32 errorCode)
   at WinRT.ActivationFactory.Get(String typeName, Guid iid)
   at Microsoft.UI.Dispatching.DispatcherQueue.get__objRef_global__Microsoft_UI_Dispatching_IDispatcherQueueStatics()
   at Microsoft.UI.Dispatching.DispatcherQueue.GetForCurrentThread()
   at Microsoft.Maui.ApplicationModel.MainThread.TryGetDispatcherQueue()
   at Microsoft.Maui.ApplicationModel.MainThread.get_PlatformIsMainThread()
   at Microsoft.Maui.ApplicationModel.MainThread.get_IsMainThread()
   at Microsoft.Maui.ApplicationModel.AppInfoImplementation..ctor()
   at Microsoft.Maui.ApplicationModel.AppInfo.get_Current()
   at Microsoft.Maui.ApplicationModel.AppInfo.get_PackageName()
   at Microsoft.Maui.Storage.FileSystemImplementation.get_AppSpecificPath()
   at Microsoft.Maui.Storage.FileSystemImplementation.<>c.<.ctor>b__17_1()
   at System.Lazy`1.ViaFactory(LazyThreadSafetyMode mode)
   at System.Lazy`1.ExecutionAndPublication(LazyHelper executionAndPublication, Boolean useDefaultConstructor)
   at System.Lazy`1.CreateValue()
   at Microsoft.Maui.Storage.FileSystemImplementation.get_PlatformAppDataDirectory()
   at Microsoft.Maui.Storage.FileSystemImplementation.get_AppDataDirectory()
   at Microsoft.Maui.Storage.FileSystem.get_AppDataDirectory()
   at Microsoft.Maui.Storage.UnpackagedPreferencesImplementation..cctor()
  Con error GoveeMAUI.Tests.Services.GoveeServiceTests.GetDeviceStateAsync_ShouldParseTemperatureCorrectly(rawTemp: 22, expectedTemp: 22, reason: "22 ÔåÆ 22┬░C: valor v├ílido ya") [< 1 ms]
  Mensaje de error:
   System.TypeInitializationException : The type initializer for 'Microsoft.Maui.Storage.UnpackagedPreferencesImplementation' threw an exception.
---- System.Runtime.InteropServices.COMException : ClassFactory no puede suministrar a la clase solicitada

  Seguimiento de la pila:
     at Microsoft.Maui.Storage.UnpackagedPreferencesImplementation.Load()
   at Microsoft.Maui.Storage.UnpackagedPreferencesImplementation..ctor()
   at Microsoft.Maui.Storage.PreferencesImplementation..ctor()
   at Microsoft.Maui.Storage.Preferences.get_Default()
   at Microsoft.Maui.Storage.Preferences.get_Current()
   at Microsoft.Maui.Storage.Preferences.Set(String key, String value, String sharedName)
   at Microsoft.Maui.Storage.Preferences.Set(String key, String value)
   at GoveeMAUI.Tests.Services.GoveeServiceTests.GetDeviceStateAsync_ShouldParseTemperatureCorrectly(Double rawTemp, Double expectedTemp, String reason) in C:\TemperatureProject\GoveeMAUI.Tests\Services\GoveeServiceTests.cs:line 89
--- End of stack trace from previous location ---
----- Inner Stack Trace -----
   at System.Runtime.InteropServices.Marshal.ThrowExceptionForHR(Int32 errorCode)
   at WinRT.ActivationFactory.Get(String typeName, Guid iid)
   at Microsoft.UI.Dispatching.DispatcherQueue.get__objRef_global__Microsoft_UI_Dispatching_IDispatcherQueueStatics()
   at Microsoft.UI.Dispatching.DispatcherQueue.GetForCurrentThread()
   at Microsoft.Maui.ApplicationModel.MainThread.TryGetDispatcherQueue()
   at Microsoft.Maui.ApplicationModel.MainThread.get_PlatformIsMainThread()
   at Microsoft.Maui.ApplicationModel.MainThread.get_IsMainThread()
   at Microsoft.Maui.ApplicationModel.AppInfoImplementation..ctor()
   at Microsoft.Maui.ApplicationModel.AppInfo.get_Current()
   at Microsoft.Maui.ApplicationModel.AppInfo.get_PackageName()
   at Microsoft.Maui.Storage.FileSystemImplementation.get_AppSpecificPath()
   at Microsoft.Maui.Storage.FileSystemImplementation.<>c.<.ctor>b__17_1()
   at System.Lazy`1.ViaFactory(LazyThreadSafetyMode mode)
   at System.Lazy`1.ExecutionAndPublication(LazyHelper executionAndPublication, Boolean useDefaultConstructor)
   at System.Lazy`1.CreateValue()
   at Microsoft.Maui.Storage.FileSystemImplementation.get_PlatformAppDataDirectory()
   at Microsoft.Maui.Storage.FileSystemImplementation.get_AppDataDirectory()
   at Microsoft.Maui.Storage.FileSystem.get_AppDataDirectory()
   at Microsoft.Maui.Storage.UnpackagedPreferencesImplementation..cctor()
  Con error GoveeMAUI.Tests.Services.MonitorServiceTests.StartAsync_ShouldHandleMerossConnectionFailure [< 1 ms]
  Mensaje de error:
   System.TypeInitializationException : The type initializer for 'Microsoft.Maui.Storage.UnpackagedPreferencesImplementation' threw an exception.
---- System.Runtime.InteropServices.COMException : ClassFactory no puede suministrar a la clase solicitada

  Seguimiento de la pila:
     at Microsoft.Maui.Storage.UnpackagedPreferencesImplementation.Load()
   at Microsoft.Maui.Storage.UnpackagedPreferencesImplementation..ctor()
   at Microsoft.Maui.Storage.PreferencesImplementation..ctor()
   at Microsoft.Maui.Storage.Preferences.get_Default()
   at Microsoft.Maui.Storage.Preferences.get_Current()
   at Microsoft.Maui.Storage.Preferences.Set(String key, String value, String sharedName)
   at Microsoft.Maui.Storage.Preferences.Set(String key, String value)
   at GoveeMAUI.Tests.Services.MonitorServiceTests.StartAsync_ShouldHandleMerossConnectionFailure() in C:\TemperatureProject\GoveeMAUI.Tests\Services\MonitorServiceTests.cs:line 270
--- End of stack trace from previous location ---
----- Inner Stack Trace -----
   at System.Runtime.InteropServices.Marshal.ThrowExceptionForHR(Int32 errorCode)
   at WinRT.ActivationFactory.Get(String typeName, Guid iid)
   at Microsoft.UI.Dispatching.DispatcherQueue.get__objRef_global__Microsoft_UI_Dispatching_IDispatcherQueueStatics()
   at Microsoft.UI.Dispatching.DispatcherQueue.GetForCurrentThread()
   at Microsoft.Maui.ApplicationModel.MainThread.TryGetDispatcherQueue()
   at Microsoft.Maui.ApplicationModel.MainThread.get_PlatformIsMainThread()
   at Microsoft.Maui.ApplicationModel.MainThread.get_IsMainThread()
   at Microsoft.Maui.ApplicationModel.AppInfoImplementation..ctor()
   at Microsoft.Maui.ApplicationModel.AppInfo.get_Current()
   at Microsoft.Maui.ApplicationModel.AppInfo.get_PackageName()
   at Microsoft.Maui.Storage.FileSystemImplementation.get_AppSpecificPath()
   at Microsoft.Maui.Storage.FileSystemImplementation.<>c.<.ctor>b__17_1()
   at System.Lazy`1.ViaFactory(LazyThreadSafetyMode mode)
   at System.Lazy`1.ExecutionAndPublication(LazyHelper executionAndPublication, Boolean useDefaultConstructor)
   at System.Lazy`1.CreateValue()
   at Microsoft.Maui.Storage.FileSystemImplementation.get_PlatformAppDataDirectory()
   at Microsoft.Maui.Storage.FileSystemImplementation.get_AppDataDirectory()
   at Microsoft.Maui.Storage.FileSystem.get_AppDataDirectory()
   at Microsoft.Maui.Storage.UnpackagedPreferencesImplementation..cctor()
  Con error GoveeMAUI.Tests.Services.GoveeServiceTests.GetDeviceStateAsync_ShouldParseTemperatureCorrectly(rawTemp: 196, expectedTemp: 1, reason: "196 ÔåÆ 19.6┬░C: valor en d├®cimas") [< 1 ms]
  Mensaje de error:
   System.TypeInitializationException : The type initializer for 'Microsoft.Maui.Storage.UnpackagedPreferencesImplementation' threw an exception.
---- System.Runtime.InteropServices.COMException : ClassFactory no puede suministrar a la clase solicitada

  Seguimiento de la pila:
     at Microsoft.Maui.Storage.UnpackagedPreferencesImplementation.Load()
   at Microsoft.Maui.Storage.UnpackagedPreferencesImplementation..ctor()
   at Microsoft.Maui.Storage.PreferencesImplementation..ctor()
   at Microsoft.Maui.Storage.Preferences.get_Default()
   at Microsoft.Maui.Storage.Preferences.get_Current()
   at Microsoft.Maui.Storage.Preferences.Set(String key, String value, String sharedName)
   at Microsoft.Maui.Storage.Preferences.Set(String key, String value)
   at GoveeMAUI.Tests.Services.GoveeServiceTests.GetDeviceStateAsync_ShouldParseTemperatureCorrectly(Double rawTemp, Double expectedTemp, String reason) in C:\TemperatureProject\GoveeMAUI.Tests\Services\GoveeServiceTests.cs:line 89
--- End of stack trace from previous location ---
----- Inner Stack Trace -----
   at System.Runtime.InteropServices.Marshal.ThrowExceptionForHR(Int32 errorCode)
   at WinRT.ActivationFactory.Get(String typeName, Guid iid)
   at Microsoft.UI.Dispatching.DispatcherQueue.get__objRef_global__Microsoft_UI_Dispatching_IDispatcherQueueStatics()
   at Microsoft.UI.Dispatching.DispatcherQueue.GetForCurrentThread()
   at Microsoft.Maui.ApplicationModel.MainThread.TryGetDispatcherQueue()
   at Microsoft.Maui.ApplicationModel.MainThread.get_PlatformIsMainThread()
   at Microsoft.Maui.ApplicationModel.MainThread.get_IsMainThread()
   at Microsoft.Maui.ApplicationModel.AppInfoImplementation..ctor()
   at Microsoft.Maui.ApplicationModel.AppInfo.get_Current()
   at Microsoft.Maui.ApplicationModel.AppInfo.get_PackageName()
   at Microsoft.Maui.Storage.FileSystemImplementation.get_AppSpecificPath()
[xUnit.net 00:00:00.17]     GoveeMAUI.Tests.Services.MonitorServiceTests.StartA
sync_ShouldSetIsRunningToTrue [FAIL]
[xUnit.net 00:00:00.17]     GoveeMAUI.Tests.Services.GoveeServiceTests.GetDevic
esAsync_WithoutApiKey_ShouldThrowException [FAIL]
[xUnit.net 00:00:00.17]     GoveeMAUI.Tests.Services.MerossServiceTests.Initial
izeAsync_WithoutDeviceName_ShouldThrowException [FAIL]
[xUnit.net 00:00:00.28]     GoveeMAUI.Tests.Services.MonitorServiceTests.StartA
sync_WithoutDevices_ShouldRaiseErrorEvent [FAIL]
[xUnit.net 00:00:00.28]     GoveeMAUI.Tests.Services.GoveeServiceTests.GetDevic
esAsync_WithValidApiKey_ShouldReturnDeviceList [FAIL]
[xUnit.net 00:00:00.28]     GoveeMAUI.Tests.Services.GoveeServiceTests.GetDevic
eStateAsync_WithoutCapabilities_ShouldReturnDefaultReading [FAIL]
[xUnit.net 00:00:00.28]     GoveeMAUI.Tests.Services.GoveeServiceTests.GetDevic
eStateAsync_ShouldHandleOfflineStatus [FAIL]
   at Microsoft.Maui.Storage.FileSystemImplementation.<>c.<.ctor>b__17_1()
   at System.Lazy`1.ViaFactory(LazyThreadSafetyMode mode)
   at System.Lazy`1.ExecutionAndPublication(LazyHelper executionAndPublication, Boolean useDefaultConstructor)
   at System.Lazy`1.CreateValue()
   at Microsoft.Maui.Storage.FileSystemImplementation.get_PlatformAppDataDirectory()
   at Microsoft.Maui.Storage.FileSystemImplementation.get_AppDataDirectory()
   at Microsoft.Maui.Storage.FileSystem.get_AppDataDirectory()
   at Microsoft.Maui.Storage.UnpackagedPreferencesImplementation..cctor()
  Con error GoveeMAUI.Tests.Services.GoveeServiceTests.GetDeviceStateAsync_ShouldParseTemperatureCorrectly(rawTemp: 1960, expectedTemp: 1, reason: "1960 ÔåÆ 19.60┬░C: divisi├│n por 100") [< 1 ms]
  Mensaje de error:
   System.TypeInitializationException : The type initializer for 'Microsoft.Maui.Storage.UnpackagedPreferencesImplementation' threw an exception.
---- System.Runtime.InteropServices.COMException : ClassFactory no puede suministrar a la clase solicitada

  Seguimiento de la pila:
     at Microsoft.Maui.Storage.UnpackagedPreferencesImplementation.Load()
   at Microsoft.Maui.Storage.UnpackagedPreferencesImplementation..ctor()
   at Microsoft.Maui.Storage.PreferencesImplementation..ctor()
   at Microsoft.Maui.Storage.Preferences.get_Default()
   at Microsoft.Maui.Storage.Preferences.get_Current()
   at Microsoft.Maui.Storage.Preferences.Set(String key, String value, String sharedName)
   at Microsoft.Maui.Storage.Preferences.Set(String key, String value)
   at GoveeMAUI.Tests.Services.GoveeServiceTests.GetDeviceStateAsync_ShouldParseTemperatureCorrectly(Double rawTemp, Double expectedTemp, String reason) in C:\TemperatureProject\GoveeMAUI.Tests\Services\GoveeServiceTests.cs:line 89
--- End of stack trace from previous location ---
----- Inner Stack Trace -----
   at System.Runtime.InteropServices.Marshal.ThrowExceptionForHR(Int32 errorCode)
   at WinRT.ActivationFactory.Get(String typeName, Guid iid)
   at Microsoft.UI.Dispatching.DispatcherQueue.get__objRef_global__Microsoft_UI_Dispatching_IDispatcherQueueStatics()
   at Microsoft.UI.Dispatching.DispatcherQueue.GetForCurrentThread()
   at Microsoft.Maui.ApplicationModel.MainThread.TryGetDispatcherQueue()
   at Microsoft.Maui.ApplicationModel.MainThread.get_PlatformIsMainThread()
   at Microsoft.Maui.ApplicationModel.MainThread.get_IsMainThread()
   at Microsoft.Maui.ApplicationModel.AppInfoImplementation..ctor()
   at Microsoft.Maui.ApplicationModel.AppInfo.get_Current()
   at Microsoft.Maui.ApplicationModel.AppInfo.get_PackageName()
   at Microsoft.Maui.Storage.FileSystemImplementation.get_AppSpecificPath()
   at Microsoft.Maui.Storage.FileSystemImplementation.<>c.<.ctor>b__17_1()
   at System.Lazy`1.ViaFactory(LazyThreadSafetyMode mode)
   at System.Lazy`1.ExecutionAndPublication(LazyHelper executionAndPublication, Boolean useDefaultConstructor)
   at System.Lazy`1.CreateValue()
   at Microsoft.Maui.Storage.FileSystemImplementation.get_PlatformAppDataDirectory()
   at Microsoft.Maui.Storage.FileSystemImplementation.get_AppDataDirectory()
   at Microsoft.Maui.Storage.FileSystem.get_AppDataDirectory()
   at Microsoft.Maui.Storage.UnpackagedPreferencesImplementation..cctor()
  Con error GoveeMAUI.Tests.Services.MonitorServiceTests.StartAsync_ShouldSetIsRunningToTrue [< 1 ms]
  Mensaje de error:
   System.TypeInitializationException : The type initializer for 'Microsoft.Maui.Storage.UnpackagedPreferencesImplementation' threw an exception.
---- System.Runtime.InteropServices.COMException : ClassFactory no puede suministrar a la clase solicitada

  Seguimiento de la pila:
     at Microsoft.Maui.Storage.UnpackagedPreferencesImplementation.Load()
   at Microsoft.Maui.Storage.UnpackagedPreferencesImplementation..ctor()
   at Microsoft.Maui.Storage.PreferencesImplementation..ctor()
   at Microsoft.Maui.Storage.Preferences.get_Default()
   at Microsoft.Maui.Storage.Preferences.get_Current()
   at Microsoft.Maui.Storage.Preferences.Set(String key, String value, String sharedName)
   at Microsoft.Maui.Storage.Preferences.Set(String key, String value)
   at GoveeMAUI.Tests.Services.MonitorServiceTests.StartAsync_ShouldSetIsRunningToTrue() in C:\TemperatureProject\GoveeMAUI.Tests\Services\MonitorServiceTests.cs:line 31
--- End of stack trace from previous location ---
----- Inner Stack Trace -----
   at System.Runtime.InteropServices.Marshal.ThrowExceptionForHR(Int32 errorCode)
   at WinRT.ActivationFactory.Get(String typeName, Guid iid)
   at Microsoft.UI.Dispatching.DispatcherQueue.get__objRef_global__Microsoft_UI_Dispatching_IDispatcherQueueStatics()
   at Microsoft.UI.Dispatching.DispatcherQueue.GetForCurrentThread()
   at Microsoft.Maui.ApplicationModel.MainThread.TryGetDispatcherQueue()
   at Microsoft.Maui.ApplicationModel.MainThread.get_PlatformIsMainThread()
   at Microsoft.Maui.ApplicationModel.MainThread.get_IsMainThread()
   at Microsoft.Maui.ApplicationModel.AppInfoImplementation..ctor()
   at Microsoft.Maui.ApplicationModel.AppInfo.get_Current()
   at Microsoft.Maui.ApplicationModel.AppInfo.get_PackageName()
   at Microsoft.Maui.Storage.FileSystemImplementation.get_AppSpecificPath()
   at Microsoft.Maui.Storage.FileSystemImplementation.<>c.<.ctor>b__17_1()
   at System.Lazy`1.ViaFactory(LazyThreadSafetyMode mode)
   at System.Lazy`1.ExecutionAndPublication(LazyHelper executionAndPublication, Boolean useDefaultConstructor)
   at System.Lazy`1.CreateValue()
   at Microsoft.Maui.Storage.FileSystemImplementation.get_PlatformAppDataDirectory()
   at Microsoft.Maui.Storage.FileSystemImplementation.get_AppDataDirectory()
   at Microsoft.Maui.Storage.FileSystem.get_AppDataDirectory()
   at Microsoft.Maui.Storage.UnpackagedPreferencesImplementation..cctor()
  Con error GoveeMAUI.Tests.Services.GoveeServiceTests.GetDevicesAsync_WithoutApiKey_ShouldThrowException [< 1 ms]
  Mensaje de error:
   System.TypeInitializationException : The type initializer for 'Microsoft.Maui.Storage.UnpackagedPreferencesImplementation' threw an exception.
---- System.Runtime.InteropServices.COMException : ClassFactory no puede suministrar a la clase solicitada

  Seguimiento de la pila:
     at Microsoft.Maui.Storage.UnpackagedPreferencesImplementation.Load()
   at Microsoft.Maui.Storage.UnpackagedPreferencesImplementation..ctor()
   at Microsoft.Maui.Storage.PreferencesImplementation..ctor()
   at Microsoft.Maui.Storage.Preferences.get_Default()
   at Microsoft.Maui.Storage.Preferences.get_Current()
   at Microsoft.Maui.Storage.Preferences.Set(String key, String value, String sharedName)
   at Microsoft.Maui.Storage.Preferences.Set(String key, String value)
   at GoveeMAUI.Tests.Services.MerossServiceTests.InitializeAsync_WithoutDeviceName_ShouldThrowException() in C:\TemperatureProject\GoveeMAUI.Tests\Services\MerossServiceTests.cs:line 50
   at Microsoft.Maui.Storage.UnpackagedPreferencesImplementation.Load()
--- End of stack trace from previous location ---
   at Microsoft.Maui.Storage.UnpackagedPreferencesImplementation..ctor()
   at Microsoft.Maui.Storage.PreferencesImplementation..ctor()
   at Microsoft.Maui.Storage.Preferences.get_Default()
   at Microsoft.Maui.Storage.Preferences.get_Current()
   at Microsoft.Maui.Storage.Preferences.Remove(String key, String sharedName)
   at Microsoft.Maui.Storage.Preferences.Remove(String key)
   at GoveeMAUI.Tests.Services.GoveeServiceTests.GetDevicesAsync_WithoutApiKey_ShouldThrowException() in C:\TemperatureProject\GoveeMAUI.Tests\Services\GoveeServiceTests.cs:line 66
----- Inner Stack Trace -----
   at System.Runtime.InteropServices.Marshal.ThrowExceptionForHR(Int32 errorCode)
   at WinRT.ActivationFactory.Get(String typeName, Guid iid)
   at Microsoft.UI.Dispatching.DispatcherQueue.get__objRef_global__Microsoft_UI_Dispatching_IDispatcherQueueStatics()
   at Microsoft.UI.Dispatching.DispatcherQueue.GetForCurrentThread()
   at Microsoft.Maui.ApplicationModel.MainThread.TryGetDispatcherQueue()
   at Microsoft.Maui.ApplicationModel.MainThread.get_PlatformIsMainThread()
   at Microsoft.Maui.ApplicationModel.MainThread.get_IsMainThread()
   at Microsoft.Maui.ApplicationModel.AppInfoImplementation..ctor()
   at Microsoft.Maui.ApplicationModel.AppInfo.get_Current()
   at Microsoft.Maui.ApplicationModel.AppInfo.get_PackageName()
   at Microsoft.Maui.Storage.FileSystemImplementation.get_AppSpecificPath()
   at Microsoft.Maui.Storage.FileSystemImplementation.<>c.<.ctor>b__17_1()
   at System.Lazy`1.ViaFactory(LazyThreadSafetyMode mode)
   at System.Lazy`1.ExecutionAndPublication(LazyHelper executionAndPublication, Boolean useDefaultConstructor)
   at System.Lazy`1.CreateValue()
   at Microsoft.Maui.Storage.FileSystemImplementation.get_PlatformAppDataDirectory()
   at Microsoft.Maui.Storage.FileSystemImplementation.get_AppDataDirectory()
   at Microsoft.Maui.Storage.FileSystem.get_AppDataDirectory()
   at Microsoft.Maui.Storage.UnpackagedPreferencesImplementation..cctor()
  Con error GoveeMAUI.Tests.Services.MerossServiceTests.InitializeAsync_WithoutDeviceName_ShouldThrowException [< 1 ms]
  Mensaje de error:
   System.TypeInitializationException : The type initializer for 'Microsoft.Maui.Storage.UnpackagedPreferencesImplementation' threw an exception.
---- System.Runtime.InteropServices.COMException : ClassFactory no puede suministrar a la clase solicitada

  Seguimiento de la pila:
     at Microsoft.Maui.Storage.UnpackagedPreferencesImplementation.Load()
   at Microsoft.Maui.Storage.UnpackagedPreferencesImplementation..ctor()
   at Microsoft.Maui.Storage.PreferencesImplementation..ctor()
   at Microsoft.Maui.Storage.Preferences.get_Default()
   at Microsoft.Maui.Storage.Preferences.get_Current()
   at Microsoft.Maui.Storage.Preferences.Set(String key, String value, String sharedName)
   at Microsoft.Maui.Storage.Preferences.Set(String key, String value)
   at GoveeMAUI.Tests.Services.MerossServiceTests.InitializeAsync_WithoutDeviceName_ShouldThrowException() in C:\TemperatureProject\GoveeMAUI.Tests\Services\MerossServiceTests.cs:line 50
   at Microsoft.Maui.Storage.UnpackagedPreferencesImplementation.Load()
--- End of stack trace from previous location ---
   at Microsoft.Maui.Storage.UnpackagedPreferencesImplementation..ctor()
   at Microsoft.Maui.Storage.PreferencesImplementation..ctor()
   at Microsoft.Maui.Storage.Preferences.get_Default()
   at Microsoft.Maui.Storage.Preferences.get_Current()
   at Microsoft.Maui.Storage.Preferences.Remove(String key, String sharedName)
   at Microsoft.Maui.Storage.Preferences.Remove(String key)
   at GoveeMAUI.Tests.Services.GoveeServiceTests.GetDevicesAsync_WithoutApiKey_ShouldThrowException() in C:\TemperatureProject\GoveeMAUI.Tests\Services\GoveeServiceTests.cs:line 66
----- Inner Stack Trace -----
   at System.Runtime.InteropServices.Marshal.ThrowExceptionForHR(Int32 errorCode)
   at WinRT.ActivationFactory.Get(String typeName, Guid iid)
   at Microsoft.UI.Dispatching.DispatcherQueue.get__objRef_global__Microsoft_UI_Dispatching_IDispatcherQueueStatics()
   at Microsoft.UI.Dispatching.DispatcherQueue.GetForCurrentThread()
   at Microsoft.Maui.ApplicationModel.MainThread.TryGetDispatcherQueue()
   at Microsoft.Maui.ApplicationModel.MainThread.get_PlatformIsMainThread()
   at Microsoft.Maui.ApplicationModel.MainThread.get_IsMainThread()
   at Microsoft.Maui.ApplicationModel.AppInfoImplementation..ctor()
   at Microsoft.Maui.ApplicationModel.AppInfo.get_Current()
   at Microsoft.Maui.ApplicationModel.AppInfo.get_PackageName()
   at Microsoft.Maui.Storage.FileSystemImplementation.get_AppSpecificPath()
   at Microsoft.Maui.Storage.FileSystemImplementation.<>c.<.ctor>b__17_1()
   at System.Lazy`1.ViaFactory(LazyThreadSafetyMode mode)
   at System.Lazy`1.ExecutionAndPublication(LazyHelper executionAndPublication, Boolean useDefaultConstructor)
   at System.Lazy`1.CreateValue()
   at Microsoft.Maui.Storage.FileSystemImplementation.get_PlatformAppDataDirectory()
   at Microsoft.Maui.Storage.FileSystemImplementation.get_AppDataDirectory()
   at Microsoft.Maui.Storage.FileSystem.get_AppDataDirectory()
   at Microsoft.Maui.Storage.UnpackagedPreferencesImplementation..cctor()
  Con error GoveeMAUI.Tests.Services.MonitorServiceTests.StartAsync_WithoutDevices_ShouldRaiseErrorEvent [< 1 ms]
  Mensaje de error:
   System.TypeInitializationException : The type initializer for 'Microsoft.Maui.Storage.UnpackagedPreferencesImplementation' threw an exception.
---- System.Runtime.InteropServices.COMException : ClassFactory no puede suministrar a la clase solicitada

  Seguimiento de la pila:
     at Microsoft.Maui.Storage.UnpackagedPreferencesImplementation.Load()
   at Microsoft.Maui.Storage.UnpackagedPreferencesImplementation..ctor()
   at Microsoft.Maui.Storage.PreferencesImplementation..ctor()
   at Microsoft.Maui.Storage.Preferences.get_Default()
   at Microsoft.Maui.Storage.Preferences.get_Current()
   at Microsoft.Maui.Storage.Preferences.Remove(String key, String sharedName)
   at Microsoft.Maui.Storage.Preferences.Remove(String key)
   at GoveeMAUI.Tests.Services.MonitorServiceTests.StartAsync_WithoutDevices_ShouldRaiseErrorEvent() in C:\TemperatureProject\GoveeMAUI.Tests\Services\MonitorServiceTests.cs:line 140
--- End of stack trace from previous location ---
----- Inner Stack Trace -----
   at System.Runtime.InteropServices.Marshal.ThrowExceptionForHR(Int32 errorCode)
   at WinRT.ActivationFactory.Get(String typeName, Guid iid)
   at Microsoft.UI.Dispatching.DispatcherQueue.get__objRef_global__Microsoft_UI_Dispatching_IDispatcherQueueStatics()
   at Microsoft.UI.Dispatching.DispatcherQueue.GetForCurrentThread()
   at Microsoft.Maui.ApplicationModel.MainThread.TryGetDispatcherQueue()
   at Microsoft.Maui.ApplicationModel.MainThread.get_PlatformIsMainThread()
   at Microsoft.Maui.ApplicationModel.MainThread.get_IsMainThread()
   at Microsoft.Maui.ApplicationModel.AppInfoImplementation..ctor()
   at Microsoft.Maui.ApplicationModel.AppInfo.get_Current()
   at Microsoft.Maui.ApplicationModel.AppInfo.get_PackageName()
   at Microsoft.Maui.Storage.FileSystemImplementation.get_AppSpecificPath()
   at Microsoft.Maui.Storage.FileSystemImplementation.<>c.<.ctor>b__17_1()
   at System.Lazy`1.ViaFactory(LazyThreadSafetyMode mode)
   at System.Lazy`1.ExecutionAndPublication(LazyHelper executionAndPublication, Boolean useDefaultConstructor)
   at System.Lazy`1.CreateValue()
   at Microsoft.Maui.Storage.FileSystemImplementation.get_PlatformAppDataDirectory()
   at Microsoft.Maui.Storage.FileSystemImplementation.get_AppDataDirectory()
   at Microsoft.Maui.Storage.FileSystem.get_AppDataDirectory()
   at Microsoft.Maui.Storage.UnpackagedPreferencesImplementation..cctor()
  Con error GoveeMAUI.Tests.Services.GoveeServiceTests.GetDevicesAsync_WithValidApiKey_ShouldReturnDeviceList [< 1 ms]
  Mensaje de error:
   System.TypeInitializationException : The type initializer for 'Microsoft.Maui.Storage.UnpackagedPreferencesImplementation' threw an exception.
---- System.Runtime.InteropServices.COMException : ClassFactory no puede suministrar a la clase solicitada

  Seguimiento de la pila:
     at Microsoft.Maui.Storage.UnpackagedPreferencesImplementation.Load()
   at Microsoft.Maui.Storage.UnpackagedPreferencesImplementation..ctor()
   at Microsoft.Maui.Storage.PreferencesImplementation..ctor()
   at Microsoft.Maui.Storage.Preferences.get_Default()
   at Microsoft.Maui.Storage.Preferences.get_Current()
   at Microsoft.Maui.Storage.Preferences.Set(String key, String value, String sharedName)
   at Microsoft.Maui.Storage.Preferences.Set(String key, String value)
   at GoveeMAUI.Tests.Services.GoveeServiceTests.GetDevicesAsync_WithValidApiKey_ShouldReturnDeviceList() in C:\TemperatureProject\GoveeMAUI.Tests\Services\GoveeServiceTests.cs:line 29
--- End of stack trace from previous location ---
----- Inner Stack Trace -----
   at System.Runtime.InteropServices.Marshal.ThrowExceptionForHR(Int32 errorCode)
   at WinRT.ActivationFactory.Get(String typeName, Guid iid)
   at Microsoft.UI.Dispatching.DispatcherQueue.get__objRef_global__Microsoft_UI_Dispatching_IDispatcherQueueStatics()
   at Microsoft.UI.Dispatching.DispatcherQueue.GetForCurrentThread()
   at Microsoft.Maui.ApplicationModel.MainThread.TryGetDispatcherQueue()
   at Microsoft.Maui.ApplicationModel.MainThread.get_PlatformIsMainThread()
   at Microsoft.Maui.ApplicationModel.MainThread.get_IsMainThread()
   at Microsoft.Maui.ApplicationModel.AppInfoImplementation..ctor()
   at Microsoft.Maui.ApplicationModel.AppInfo.get_Current()
   at Microsoft.Maui.ApplicationModel.AppInfo.get_PackageName()
   at Microsoft.Maui.Storage.FileSystemImplementation.get_AppSpecificPath()
   at Microsoft.Maui.Storage.FileSystemImplementation.<>c.<.ctor>b__17_1()
   at System.Lazy`1.ViaFactory(LazyThreadSafetyMode mode)
   at System.Lazy`1.ExecutionAndPublication(LazyHelper executionAndPublication, Boolean useDefaultConstructor)
   at System.Lazy`1.CreateValue()
   at Microsoft.Maui.Storage.FileSystemImplementation.get_PlatformAppDataDirectory()
   at Microsoft.Maui.Storage.FileSystemImplementation.get_AppDataDirectory()
   at Microsoft.Maui.Storage.FileSystem.get_AppDataDirectory()
   at Microsoft.Maui.Storage.UnpackagedPreferencesImplementation..cctor()
  Con error GoveeMAUI.Tests.Services.GoveeServiceTests.GetDeviceStateAsync_WithoutCapabilities_ShouldReturnDefaultReading [< 1 ms]
  Mensaje de error:
   System.TypeInitializationException : The type initializer for 'Microsoft.Maui.Storage.UnpackagedPreferencesImplementation' threw an exception.
---- System.Runtime.InteropServices.COMException : ClassFactory no puede suministrar a la clase solicitada

  Seguimiento de la pila:
     at Microsoft.Maui.Storage.UnpackagedPreferencesImplementation.Load()
   at Microsoft.Maui.Storage.UnpackagedPreferencesImplementation..ctor()
   at Microsoft.Maui.Storage.PreferencesImplementation..ctor()
   at Microsoft.Maui.Storage.Preferences.get_Default()
   at Microsoft.Maui.Storage.Preferences.get_Current()
   at Microsoft.Maui.Storage.Preferences.Set(String key, String value, String sharedName)
   at Microsoft.Maui.Storage.Preferences.Set(String key, String value)
   at GoveeMAUI.Tests.Services.GoveeServiceTests.GetDeviceStateAsync_WithoutCapabilities_ShouldReturnDefaultReading() in C:\TemperatureProject\GoveeMAUI.Tests\Services\GoveeServiceTests.cs:line 235
--- End of stack trace from previous location ---
----- Inner Stack Trace -----
   at System.Runtime.InteropServices.Marshal.ThrowExceptionForHR(Int32 errorCode)
   at WinRT.ActivationFactory.Get(String typeName, Guid iid)
   at Microsoft.UI.Dispatching.DispatcherQueue.get__objRef_global__Microsoft_UI_Dispatching_IDispatcherQueueStatics()
   at Microsoft.UI.Dispatching.DispatcherQueue.GetForCurrentThread()
   at Microsoft.Maui.ApplicationModel.MainThread.TryGetDispatcherQueue()
   at Microsoft.Maui.ApplicationModel.MainThread.get_PlatformIsMainThread()
   at Microsoft.Maui.ApplicationModel.MainThread.get_IsMainThread()
   at Microsoft.Maui.ApplicationModel.AppInfoImplementation..ctor()
   at Microsoft.Maui.ApplicationModel.AppInfo.get_Current()
   at Microsoft.Maui.ApplicationModel.AppInfo.get_PackageName()
   at Microsoft.Maui.Storage.FileSystemImplementation.get_AppSpecificPath()
   at Microsoft.Maui.Storage.FileSystemImplementation.<>c.<.ctor>b__17_1()
   at System.Lazy`1.ViaFactory(LazyThreadSafetyMode mode)
   at System.Lazy`1.ExecutionAndPublication(LazyHelper executionAndPublication, Boolean useDefaultConstructor)
   at System.Lazy`1.CreateValue()
   at Microsoft.Maui.Storage.FileSystemImplementation.get_PlatformAppDataDirectory()
   at Microsoft.Maui.Storage.FileSystemImplementation.get_AppDataDirectory()
   at Microsoft.Maui.Storage.FileSystem.get_AppDataDirectory()
   at Microsoft.Maui.Storage.UnpackagedPreferencesImplementation..cctor()
  Con error GoveeMAUI.Tests.Services.GoveeServiceTests.GetDeviceStateAsync_ShouldHandleOfflineStatus [< 1 ms]
  Mensaje de error:
   System.TypeInitializationException : The type initializer for 'Microsoft.Maui.Storage.UnpackagedPreferencesImplementation' threw an exception.
---- System.Runtime.InteropServices.COMException : ClassFactory no puede suministrar a la clase solicitada

  Seguimiento de la pila:
     at Microsoft.Maui.Storage.UnpackagedPreferencesImplementation.Load()
   at Microsoft.Maui.Storage.UnpackagedPreferencesImplementation..ctor()
   at Microsoft.Maui.Storage.PreferencesImplementation..ctor()
   at Microsoft.Maui.Storage.Preferences.get_Default()
   at Microsoft.Maui.Storage.Preferences.get_Current()
   at Microsoft.Maui.Storage.Preferences.Set(String key, String value, String sharedName)
   at Microsoft.Maui.Storage.Preferences.Set(String key, String value)
   at GoveeMAUI.Tests.Services.GoveeServiceTests.GetDeviceStateAsync_ShouldHandleOfflineStatus() in C:\TemperatureProject\GoveeMAUI.Tests\Services\GoveeServiceTests.cs:line 200
--- End of stack trace from previous location ---
----- Inner Stack Trace -----
   at System.Runtime.InteropServices.Marshal.ThrowExceptionForHR(Int32 errorCode)
   at WinRT.ActivationFactory.Get(String typeName, Guid iid)
   at Microsoft.UI.Dispatching.DispatcherQueue.get__objRef_global__Microsoft_UI_Dispatching_IDispatcherQueueStatics()
   at Microsoft.UI.Dispatching.DispatcherQueue.GetForCurrentThread()
   at Microsoft.Maui.ApplicationModel.MainThread.TryGetDispatcherQueue()
   at Microsoft.Maui.ApplicationModel.MainThread.get_PlatformIsMainThread()
   at Microsoft.Maui.ApplicationModel.MainThread.get_IsMainThread()
   at Microsoft.Maui.ApplicationModel.AppInfoImplementation..ctor()
   at Microsoft.Maui.ApplicationModel.AppInfo.get_Current()
   at Microsoft.Maui.ApplicationModel.AppInfo.get_PackageName()
   at Microsoft.Maui.Storage.FileSystemImplementation.get_AppSpecificPath()
   at Microsoft.Maui.Storage.FileSystemImplementation.<>c.<.ctor>b__17_1()
   at System.Lazy`1.ViaFactory(LazyThreadSafetyMode mode)
   at System.Lazy`1.ExecutionAndPublication(LazyHelper executionAndPublication, Boolean useDefaultConstructor)
   at System.Lazy`1.CreateValue()
   at Microsoft.Maui.Storage.FileSystemImplementation.get_PlatformAppDataDirectory()
   at Microsoft.Maui.Storage.FileSystemImplementation.get_AppDataDirectory()
   at Microsoft.Maui.Storage.FileSystem.get_AppDataDirectory()
   at Microsoft.Maui.Storage.UnpackagedPreferencesImplementation..cctor()

Con error! - Con error:    53, Superado:     6, Omitido:     0, Total:    59, Duraci├│n: 177 ms - GoveeMAUI.Tests.dll (net9.0)
